Copyright 1986-2018 Xilinx, Inc. All Rights Reserved.
----------------------------------------------------------------------------------------
| Tool Version : Vivado v.2018.2 (win64) Build 2258646 Thu Jun 14 20:03:12 MDT 2018
| Date         : Sun Nov  9 06:37:39 2025
| Host         : LAPTOP-TABE59UT running 64-bit major release  (build 9200)
| Command      : report_control_sets -verbose -file Top_Student_control_sets_placed.rpt
| Design       : Top_Student
| Device       : xc7a35t
----------------------------------------------------------------------------------------

Control Set Information

Table of Contents
-----------------
1. Summary
2. Histogram
3. Flip-Flop Distribution
4. Detailed Control Set Information

1. Summary
----------

+----------------------------------------------------------+-------+
|                          Status                          | Count |
+----------------------------------------------------------+-------+
| Number of unique control sets                            |   284 |
| Unused register locations in slices containing registers |   558 |
+----------------------------------------------------------+-------+


2. Histogram
------------

+--------+--------------+
| Fanout | Control Sets |
+--------+--------------+
|      2 |           12 |
|      4 |            2 |
|      6 |            1 |
|      8 |           16 |
|     10 |            7 |
|     12 |           18 |
|     14 |            2 |
|    16+ |          226 |
+--------+--------------+


3. Flip-Flop Distribution
-------------------------

+--------------+-----------------------+------------------------+-----------------+--------------+
| Clock Enable | Synchronous Set/Reset | Asynchronous Set/Reset | Total Registers | Total Slices |
+--------------+-----------------------+------------------------+-----------------+--------------+
| No           | No                    | No                     |             564 |          130 |
| No           | No                    | Yes                    |             284 |           76 |
| No           | Yes                   | No                     |             806 |          141 |
| Yes          | No                    | No                     |            2412 |          442 |
| Yes          | No                    | Yes                    |            2780 |          568 |
| Yes          | Yes                   | No                     |            4228 |         1037 |
+--------------+-----------------------+------------------------+-----------------+--------------+


4. Detailed Control Set Information
-----------------------------------

+----------------+-----------------------------------------------------------------------------------------+-----------------------------------------------------------------------------------+------------------+----------------+
|  Clock Signal  |                                      Enable Signal                                      |                                  Set/Reset Signal                                 | Slice Load Count | Bel Load Count |
+----------------+-----------------------------------------------------------------------------------------+-----------------------------------------------------------------------------------+------------------+----------------+
| ~clk6p25m      |                                                                                         |                                                                                   |                1 |              2 |
|  clk_IBUF_BUFG | calc_mode_top_inst/u_exec/u_alu/u_div/val[24]_i_1_n_0                                   | calc_mode_top_inst/u_exec/u_alu/div_clr_reg_rep__0_n_0                            |                1 |              2 |
|  clk_IBUF_BUFG |                                                                                         | calc_mode_top_inst/u_exec/u_alu/log_clr_reg_n_0                                   |                1 |              2 |
|  clk_IBUF_BUFG |                                                                                         | calc_mode_top_inst/u_exec/u_alu/u_trig/divider_clr_reg_rep_n_0                    |                1 |              2 |
|  clk_IBUF_BUFG |                                                                                         | calc_mode_top_inst/u_exec/u_alu/u_trig/AR[0]                                      |                1 |              2 |
| ~clk6p25m_2    |                                                                                         |                                                                                   |                1 |              2 |
|  clk_IBUF_BUFG | calc_mode_top_inst/u_exec/u_alu/u_mul/sign                                              | calc_mode_top_inst/u_exec/u_alu/mul_clr_reg_n_0                                   |                1 |              2 |
|  clk_IBUF_BUFG | calc_mode_top_inst/u_exec/u_alu/u_div/a_reg                                             | calc_mode_top_inst/u_exec/u_alu/div_clr_reg_n_0                                   |                1 |              2 |
|  clk_IBUF_BUFG | calc_mode_top_inst/u_exec/i___75_n_0                                                    | shared_ascii_inst/A_reg[15]                                                       |                1 |              2 |
|  clk_IBUF_BUFG | calc_mode_top_inst/expr_check/acc_q164[23]_i_1_n_0                                      | shared_ascii_inst/B_reg[0]                                                        |                1 |              2 |
|  clk_IBUF_BUFG | calc_mode_top_inst/u_exec/u_alu/u_pow/mult_inst/sign                                    | calc_mode_top_inst/u_exec/u_alu/u_pow/bit_index_reg[0][0]                         |                1 |              2 |
|  clk_IBUF_BUFG |                                                                                         | calc_mode_top_inst/u_exec/u_alu/u_pow/AR[0]                                       |                1 |              2 |
|  clk_IBUF_BUFG |                                                                                         | calc_mode_top_inst/u_exec/u_alu/div_clr_reg_rep_n_0                               |                2 |              4 |
|  clk_IBUF_BUFG | vga_display_handler_inst/vga_sync_unit/E[0]                                             | vga_display_handler_inst/vga_sync_unit/y_p1_reg[10]                               |                2 |              4 |
|  clk_IBUF_BUFG |                                                                                         | calc_mode_top_inst/u_exec/u_alu/div_clr_reg_rep__0_n_0                            |                1 |              6 |
|  clk_IBUF_BUFG | calc_mode_top_inst/u_exec/u_alu/u_pow/log2_inst/wait_counter[3]_i_1_n_0                 | calc_mode_top_inst/u_exec/u_alu/u_pow/AR[0]                                       |                2 |              8 |
|  clk_IBUF_BUFG | shared_keypad_inst/key_code[4]_i_1_n_0                                                  | shared_buffer_inst/reset01_out                                                    |                2 |              8 |
|  clk_IBUF_BUFG | calc_mode_top_inst/u_exec/u_alu/u_trig/CORDIC_trigo_inst/z_reg[24]_0                    | calc_mode_top_inst/u_exec/u_alu/u_trig/angle_prep_inst/z_reg[9]_0                 |                2 |              8 |
|  clk_IBUF_BUFG | calc_mode_top_inst/u_exec/u_pe/op_reg[3]_i_1_n_0                                        | shared_ascii_inst/B_reg[0]                                                        |                2 |              8 |
|  clk_IBUF_BUFG |                                                                                         | calc_mode_top_inst/u_exec/u_alu/u_trig/divider_clr                                |                4 |              8 |
|  clk_IBUF_BUFG | calc_mode_top_inst/u_exec/u_alu/u_log/wait_counter[3]_i_1__0_n_0                        | calc_mode_top_inst/u_exec/u_alu/log_clr_reg_n_0                                   |                2 |              8 |
|  clk_IBUF_BUFG | grapher_module_inst/parser_inst/digit_count                                             | grapher_module_inst/parser_inst/digit_valid                                       |                2 |              8 |
|  clk_IBUF_BUFG | grapher_module_inst/parser_inst/digit_regs[0][3]_i_1_n_0                                | grapher_module_inst/parser_inst/digit_valid                                       |                2 |              8 |
|  clk_IBUF_BUFG | grapher_module_inst/parser_inst/digit_valid16_out                                       | grapher_module_inst/parser_inst/digit_regs[2][3]_i_1_n_0                          |                1 |              8 |
|  clk_IBUF_BUFG | grapher_module_inst/parser_inst/digit_regs[1][3]_i_2_n_0                                | grapher_module_inst/parser_inst/digit_valid                                       |                2 |              8 |
|  clk_IBUF_BUFG | calc_mode_top_inst/expr_check/err_any_i_1_n_0                                           | shared_ascii_inst/A_reg[15]                                                       |                3 |              8 |
|  clk_IBUF_BUFG | calc_mode_top_inst/expr_check/frac_digits[3]_i_1_n_0                                    | shared_ascii_inst/A_reg[15]                                                       |                2 |              8 |
|  clk_IBUF_BUFG | grapher_module_inst/equation_parser_inst/state[3]_i_1_n_0                               | grapher_module_inst/equation_parser_inst/rst0                                     |                3 |              8 |
|  clk_IBUF_BUFG | calc_mode_top_inst/u_exec/u_alu/u_trig/CORDIC_trigo_inst/FSM_onehot_state[3]_i_1__1_n_0 | calc_mode_top_inst/u_exec/u_alu/u_trig/AR[0]                                      |                1 |              8 |
|  clk_IBUF_BUFG | calc_mode_top_inst/u_exec/u_alu/op_q                                                    | shared_ascii_inst/alu_a_reg[0]                                                    |                1 |              8 |
|  clk_IBUF_BUFG | grapher_module_inst/graph_type_selector_inst/menu_inst/selected_option[3]_i_2_n_0       | grapher_module_inst/graph_type_selector_inst/menu_inst/selected_option[3]_i_1_n_0 |                1 |              8 |
|  clk_IBUF_BUFG | calc_mode_top_inst/u_exec/u_pe/st[4]_i_1_n_0                                            | shared_ascii_inst/B_reg[0]                                                        |                4 |             10 |
|  clk_IBUF_BUFG | calc_mode_top_inst/u_exec/u_alu/u_pow/mult_inst/bit_index                               | calc_mode_top_inst/u_exec/u_alu/u_pow/bit_index_reg[0][0]                         |                4 |             10 |
|  clk_IBUF_BUFG | calc_mode_top_inst/vga_drawer/E[0]                                                      | calc_mode_top_inst/u_exec/SS[0]                                                   |                4 |             10 |
|  clk_IBUF_BUFG | calc_mode_top_inst/u_exec/u_alu/u_mul/bit_index                                         | calc_mode_top_inst/u_exec/u_alu/mul_clr_reg_n_0                                   |                3 |             10 |
|  clk_IBUF_BUFG | calc_mode_top_inst/vga_drawer/E[0]                                                      | calc_mode_top_inst/u_exec/display_chars_reg[8][0]_0                               |                3 |             10 |
|  clk_IBUF_BUFG | sw_IBUF[3]                                                                              | vga_display_handler_inst/vga_sync_unit/char_code_reg_reg[6]                       |                4 |             10 |
|  clk_IBUF_BUFG | welcome_mode_module_inst/welcome_drawer_vga_inst/vga_x_d[9]_i_1_n_0                     | vga_display_handler_inst/vga_sync_unit/char_code_reg_reg[0]_0                     |                2 |             10 |
|  clk_IBUF_BUFG | calc_mode_top_inst/u_exec/u_alu/u_mul/FSM_onehot_state[5]_i_1_n_0                       | calc_mode_top_inst/u_exec/u_alu/mul_clr_reg_n_0                                   |                3 |             12 |
|  clk_IBUF_BUFG | calc_mode_top_inst/u_exec/i___341_n_0                                                   | calc_mode_top_inst/u_exec/u_alu/div_clr_reg_rep_n_0                               |                2 |             12 |
|  clk_IBUF_BUFG | grapher_module_inst/parser_inst/parsed_number[7]_i_2_n_0                                | grapher_module_inst/parser_inst/parsed_number[7]_i_1_n_0                          |                4 |             12 |
|  clk_IBUF_BUFG | vga_display_handler_inst/vga_sync_unit/E[0]                                             | grapher_module_inst/graph_renderer_inst/scg0/SR[0]                                |                2 |             12 |
|  clk_IBUF_BUFG | vga_display_handler_inst/vga_sync_unit/E[0]                                             | grapher_module_inst/graph_renderer_inst/scg0/vga_data_reg[11]_10[0]               |                2 |             12 |
|  clk_IBUF_BUFG | calc_mode_top_inst/u_exec/u_alu/u_log/FSM_onehot_state[5]_i_1__2_n_0                    | calc_mode_top_inst/u_exec/u_alu/log_clr_reg_n_0                                   |                2 |             12 |
|  clk_IBUF_BUFG | grapher_module_inst/sw2_debouncer_inst/E[0]                                             | grapher_module_inst/parser_inst/SR[0]                                             |                2 |             12 |
|  clk_IBUF_BUFG |                                                                                         | shared_keypad_inst/s2_font_col                                                    |                1 |             12 |
|  clk_IBUF_BUFG | calc_mode_top_inst/u_exec/u_alu/u_pow/log2_inst/FSM_onehot_state[5]_i_1__0_n_0          | calc_mode_top_inst/u_exec/u_alu/u_pow/AR[0]                                       |                2 |             12 |
|  clk_IBUF_BUFG | calc_mode_top_inst/expr_check/i[5]_i_1_n_0                                              | shared_ascii_inst/A_reg[15]                                                       |                3 |             12 |
|  clk_IBUF_BUFG | calc_mode_top_inst/u_exec/u_pe/idx                                                      | shared_ascii_inst/B_reg[0]                                                        |                4 |             12 |
|  clk_IBUF_BUFG | calc_mode_top_inst/expr_check/paren_depth[5]_i_1_n_0                                    | shared_ascii_inst/A_reg[15]                                                       |                3 |             12 |
|  clk_IBUF_BUFG | calc_mode_top_inst/expr_check/k_ptr[5]_i_1_n_0                                          | shared_ascii_inst/A_reg[15]                                                       |                3 |             12 |
|  clk_IBUF_BUFG | welcome_mode_module_inst/welcome_drawer_vga_inst/vga_x_d[9]_i_1_n_0                     | vga_display_handler_inst/vga_sync_unit/row_index_reg_reg[0]_3[0]                  |                2 |             12 |
|  clk_IBUF_BUFG | sw_IBUF[3]                                                                              | vga_display_handler_inst/vga_sync_unit/SR[0]                                      |                3 |             12 |
|  clk_IBUF_BUFG | calc_mode_top_inst/u_exec/u_alu/u_pow/mult_inst/FSM_onehot_state[5]_i_1__1_n_0          | calc_mode_top_inst/u_exec/u_alu/u_pow/bit_index_reg[0][0]                         |                1 |             12 |
|  clk_IBUF_BUFG |                                                                                         | jb_display_handler_inst/oled_display_inst/SR[0]                                   |                3 |             12 |
|  clk_IBUF_BUFG | calc_mode_top_inst/u_exec/i___485_n_0                                                   | calc_mode_top_inst/u_exec/u_alu/u_trig/divider_clr                                |                3 |             12 |
|  clk_IBUF_BUFG | calc_mode_top_inst/u_exec/u_alu/u_pow/div_clr_reg_rep__0                                | shared_ascii_inst/alu_a_reg[0]                                                    |                4 |             14 |
|  clk_IBUF_BUFG |                                                                                         | calc_mode_top_inst/u_exec/u_alu/tri_clr_reg_n_0                                   |                3 |             14 |
|  clk_IBUF_BUFG | calc_mode_top_inst/eh_cap/p_0_in[175]                                                   | shared_ascii_inst/len_reg[1]_rep__0_0                                             |                4 |             16 |
|  clk_IBUF_BUFG | shared_buffer_inst/shared_equation_buffer[311]_i_1_n_0                                  | shared_buffer_inst/reset01_out                                                    |                7 |             16 |
|  clk_IBUF_BUFG | shared_buffer_inst/shared_equation_buffer[303]_i_1_n_0                                  | shared_buffer_inst/reset01_out                                                    |                6 |             16 |
|  clk_IBUF_BUFG | shared_buffer_inst/shared_equation_buffer[287]_i_1_n_0                                  | shared_buffer_inst/reset01_out                                                    |                7 |             16 |
|  clk_IBUF_BUFG | shared_buffer_inst/shared_equation_buffer[495]_i_1_n_0                                  | shared_buffer_inst/reset01_out                                                    |                5 |             16 |
|  clk_IBUF_BUFG | shared_buffer_inst/shared_equation_buffer[295]_i_1_n_0                                  | shared_buffer_inst/reset01_out                                                    |                5 |             16 |
|  clk_IBUF_BUFG | shared_buffer_inst/shared_equation_buffer[271]_i_1_n_0                                  | shared_buffer_inst/reset01_out                                                    |                6 |             16 |
|  clk_IBUF_BUFG | shared_buffer_inst/shared_equation_buffer[279]_i_1_n_0                                  | shared_buffer_inst/reset01_out                                                    |                6 |             16 |
|  clk_IBUF_BUFG | shared_buffer_inst/shared_equation_buffer[255]_i_1_n_0                                  | shared_buffer_inst/reset01_out                                                    |                5 |             16 |
|  clk_IBUF_BUFG | shared_buffer_inst/shared_equation_buffer[263]_i_1_n_0                                  | shared_buffer_inst/reset01_out                                                    |                7 |             16 |
|  clk_IBUF_BUFG | shared_buffer_inst/shared_equation_buffer[487]_i_1_n_0                                  | shared_buffer_inst/reset01_out                                                    |                7 |             16 |
|  clk_IBUF_BUFG |                                                                                         | calc_mode_top_inst/u_exec/u_alu/u_pow/frac_part_reg[0][0]                         |                3 |             16 |
|  clk_IBUF_BUFG |                                                                                         | calc_mode_top_inst/u_exec/u_alu/pow2_clr_reg                                      |                5 |             16 |
|  clk_IBUF_BUFG | shared_buffer_inst/shared_equation_buffer[23]_i_1_n_0                                   | shared_buffer_inst/reset01_out                                                    |                6 |             16 |
|  clk_IBUF_BUFG | shared_buffer_inst/shared_equation_buffer[503]_i_1_n_0                                  | shared_buffer_inst/reset01_out                                                    |                6 |             16 |
|  clk_IBUF_BUFG | shared_buffer_inst/shared_equation_buffer[239]_i_1_n_0                                  | shared_buffer_inst/reset01_out                                                    |                3 |             16 |
|  clk_IBUF_BUFG | shared_buffer_inst/shared_equation_buffer[247]_i_1_n_0                                  | shared_buffer_inst/reset01_out                                                    |                5 |             16 |
|  clk_IBUF_BUFG |                                                                                         | vga_display_handler_inst/vga_sync_unit/reset                                      |                4 |             16 |
|  clk_IBUF_BUFG | shared_buffer_inst/shared_equation_buffer[231]_i_1_n_0                                  | shared_buffer_inst/reset01_out                                                    |                5 |             16 |
|  clk_IBUF_BUFG | shared_buffer_inst/shared_equation_buffer[63]_i_1_n_0                                   | shared_buffer_inst/reset01_out                                                    |                7 |             16 |
|  clk_IBUF_BUFG |                                                                                         | shared_ascii_inst/B_reg[0]                                                        |                7 |             16 |
|  clk_IBUF_BUFG | shared_buffer_inst/shared_equation_buffer[207]_i_1_n_0                                  | shared_buffer_inst/reset01_out                                                    |                6 |             16 |
|  clk_IBUF_BUFG | shared_buffer_inst/shared_equation_buffer[215]_i_1_n_0                                  | shared_buffer_inst/reset01_out                                                    |                6 |             16 |
|  clk_IBUF_BUFG | shared_buffer_inst/shared_equation_buffer[223]_i_1_n_0                                  | shared_buffer_inst/reset01_out                                                    |                6 |             16 |
|  clk_IBUF_BUFG | shared_buffer_inst/shared_equation_buffer[199]_i_1_n_0                                  | shared_buffer_inst/reset01_out                                                    |                5 |             16 |
|  clk_IBUF_BUFG | shared_buffer_inst/shared_equation_buffer[183]_i_1_n_0                                  | shared_buffer_inst/reset01_out                                                    |                6 |             16 |
|  clk_IBUF_BUFG | shared_buffer_inst/shared_equation_buffer[191]_i_1_n_0                                  | shared_buffer_inst/reset01_out                                                    |                6 |             16 |
|  clk_IBUF_BUFG | shared_buffer_inst/shared_equation_buffer[383]_i_1_n_0                                  | shared_buffer_inst/reset01_out                                                    |                6 |             16 |
|  clk_IBUF_BUFG | shared_buffer_inst/shared_equation_buffer[167]_i_1_n_0                                  | shared_buffer_inst/reset01_out                                                    |                5 |             16 |
|  clk_IBUF_BUFG | shared_buffer_inst/shared_equation_buffer[175]_i_1_n_0                                  | shared_buffer_inst/reset01_out                                                    |                4 |             16 |
|  clk_IBUF_BUFG | shared_buffer_inst/shared_equation_buffer[55]_i_1_n_0                                   | shared_buffer_inst/reset01_out                                                    |                6 |             16 |
|  clk_IBUF_BUFG | calc_mode_top_inst/eh_cap/p_0_in[87]                                                    | shared_ascii_inst/len_reg[1]_rep__0_0                                             |                4 |             16 |
|  clk_IBUF_BUFG | calc_mode_top_inst/eh_cap/p_0_in[255]                                                   | shared_ascii_inst/len_reg[1]_rep__0_0                                             |                5 |             16 |
|  clk_IBUF_BUFG | calc_mode_top_inst/eh_cap/p_0_in[103]                                                   | shared_ascii_inst/len_reg[1]_rep__0_0                                             |                3 |             16 |
|  clk_IBUF_BUFG | calc_mode_top_inst/eh_cap/p_0_in[119]                                                   | shared_ascii_inst/len_reg[1]_rep__0_0                                             |                4 |             16 |
|  clk_IBUF_BUFG | calc_mode_top_inst/eh_cap/p_0_in[183]                                                   | shared_ascii_inst/len_reg[1]_rep__0_0                                             |                3 |             16 |
|  clk_IBUF_BUFG | calc_mode_top_inst/eh_cap/p_0_in[207]                                                   | shared_ascii_inst/len_reg[1]_rep__0_0                                             |                3 |             16 |
|  clk_IBUF_BUFG | calc_mode_top_inst/eh_cap/p_0_in[247]                                                   | shared_ascii_inst/len_reg[1]_rep__0_0                                             |                3 |             16 |
|  clk_IBUF_BUFG | calc_mode_top_inst/eh_cap/p_0_in[39]                                                    | shared_ascii_inst/len_reg[1]_rep__0_0                                             |                4 |             16 |
|  clk_IBUF_BUFG | calc_mode_top_inst/eh_cap/p_0_in[167]                                                   | shared_ascii_inst/len_reg[1]_rep__0_0                                             |                4 |             16 |
|  clk_IBUF_BUFG | calc_mode_top_inst/eh_cap/p_0_in[55]                                                    | shared_ascii_inst/len_reg[1]_rep__0_0                                             |                6 |             16 |
|  clk_IBUF_BUFG | calc_mode_top_inst/eh_cap/p_0_in[135]                                                   | shared_ascii_inst/len_reg[1]_rep__0_0                                             |                2 |             16 |
|  clk_IBUF_BUFG | calc_mode_top_inst/eh_cap/p_0_in[143]                                                   | shared_ascii_inst/len_reg[1]_rep__0_0                                             |                5 |             16 |
|  clk_IBUF_BUFG | calc_mode_top_inst/eh_cap/p_0_in[159]                                                   | shared_ascii_inst/len_reg[1]_rep__0_0                                             |                5 |             16 |
|  clk_IBUF_BUFG | calc_mode_top_inst/eh_cap/p_0_in[215]                                                   | shared_ascii_inst/len_reg[1]_rep__0_0                                             |                3 |             16 |
|  clk_IBUF_BUFG | calc_mode_top_inst/eh_cap/p_0_in[15]                                                    | shared_ascii_inst/len_reg[1]_rep__0_0                                             |                3 |             16 |
|  clk_IBUF_BUFG | calc_mode_top_inst/eh_cap/p_0_in[199]                                                   | shared_ascii_inst/len_reg[1]_rep__0_0                                             |                4 |             16 |
|  clk_IBUF_BUFG | calc_mode_top_inst/eh_cap/p_0_in[231]                                                   | shared_ascii_inst/len_reg[1]_rep__0_0                                             |                4 |             16 |
|  clk_IBUF_BUFG | calc_mode_top_inst/eh_cap/p_0_in[151]                                                   | shared_ascii_inst/len_reg[1]_rep__0_0                                             |                5 |             16 |
|  clk_IBUF_BUFG | calc_mode_top_inst/eh_cap/p_0_in[223]                                                   | shared_ascii_inst/len_reg[1]_rep__0_0                                             |                4 |             16 |
|  clk_IBUF_BUFG | calc_mode_top_inst/eh_cap/p_0_in[7]                                                     | shared_ascii_inst/len_reg[1]_rep__0_0                                             |                5 |             16 |
|  clk_IBUF_BUFG | calc_mode_top_inst/eh_cap/p_0_in[239]                                                   | shared_ascii_inst/len_reg[1]_rep__0_0                                             |                4 |             16 |
|  clk_IBUF_BUFG | calc_mode_top_inst/eh_cap/p_0_in[127]                                                   | shared_ascii_inst/len_reg[1]_rep__0_0                                             |                5 |             16 |
|  clk_IBUF_BUFG | calc_mode_top_inst/eh_cap/p_0_in[111]                                                   | shared_ascii_inst/len_reg[1]_rep__0_0                                             |                5 |             16 |
|  clk_IBUF_BUFG | shared_buffer_inst/shared_equation_buffer[151]_i_1_n_0                                  | shared_buffer_inst/reset01_out                                                    |                7 |             16 |
|  clk_IBUF_BUFG | shared_buffer_inst/shared_equation_buffer[159]_i_1_n_0                                  | shared_buffer_inst/reset01_out                                                    |                7 |             16 |
|  clk_IBUF_BUFG | calc_mode_top_inst/eh_cap/p_0_in[71]                                                    | shared_ascii_inst/len_reg[1]_rep__0_0                                             |                4 |             16 |
|  clk_IBUF_BUFG | calc_mode_top_inst/eh_cap/p_0_in[23]                                                    | shared_ascii_inst/len_reg[1]_rep__0_0                                             |                5 |             16 |
|  clk_IBUF_BUFG | calc_mode_top_inst/eh_cap/p_0_in[47]                                                    | shared_ascii_inst/len_reg[1]_rep__0_0                                             |                4 |             16 |
|  clk_IBUF_BUFG | calc_mode_top_inst/eh_cap/p_0_in[191]                                                   | shared_ascii_inst/len_reg[1]_rep__0_0                                             |                5 |             16 |
|  clk_IBUF_BUFG | shared_buffer_inst/shared_equation_buffer[143]_i_1_n_0                                  | shared_buffer_inst/reset01_out                                                    |                4 |             16 |
|  clk_IBUF_BUFG | shared_buffer_inst/shared_equation_buffer[15]_i_1_n_0                                   | shared_buffer_inst/reset01_out                                                    |                5 |             16 |
|  clk_IBUF_BUFG | shared_buffer_inst/shared_equation_buffer[511]_i_1_n_0                                  | shared_buffer_inst/reset01_out                                                    |                7 |             16 |
|  clk_IBUF_BUFG | shared_buffer_inst/shared_equation_buffer[95]_i_1_n_0                                   | shared_buffer_inst/reset01_out                                                    |                4 |             16 |
|  clk_IBUF_BUFG | calc_mode_top_inst/expr_check/c[7]_P_i_1_n_0                                            |                                                                                   |                2 |             16 |
|  clk_IBUF_BUFG | shared_buffer_inst/shared_equation_buffer[79]_i_1_n_0                                   | shared_buffer_inst/reset01_out                                                    |                6 |             16 |
|  clk_IBUF_BUFG | shared_buffer_inst/shared_equation_buffer[7]_i_1_n_0                                    | shared_buffer_inst/reset01_out                                                    |                8 |             16 |
|  clk_IBUF_BUFG | shared_buffer_inst/shared_equation_buffer[71]_i_1_n_0                                   | shared_buffer_inst/reset01_out                                                    |                6 |             16 |
|  clk_IBUF_BUFG | shared_keypad_inst/keypad_key_valid                                                     | shared_buffer_inst/reset01_out                                                    |                2 |             16 |
|  clk_IBUF_BUFG | shared_buffer_inst/shared_equation_buffer[87]_i_1_n_0                                   | shared_buffer_inst/reset01_out                                                    |                6 |             16 |
|  clk_IBUF_BUFG | shared_ascii_inst/buf_flat_reg[88][1]                                                   | shared_ascii_inst/len_reg[1]_rep__0_0                                             |                4 |             16 |
|  clk_IBUF_BUFG | shared_ascii_inst/buf_flat_reg[88][2]                                                   | shared_ascii_inst/len_reg[1]_rep__0_0                                             |                3 |             16 |
|  clk_IBUF_BUFG | shared_ascii_inst/buf_flat_reg[88][0]                                                   | shared_ascii_inst/len_reg[1]_rep__0_0                                             |                5 |             16 |
|  clk_IBUF_BUFG | shared_buffer_inst/shared_equation_buffer[135]_i_1_n_0                                  | shared_buffer_inst/reset01_out                                                    |                5 |             16 |
|  clk_IBUF_BUFG | shared_buffer_inst/shared_equation_buffer[119]_i_1_n_0                                  | shared_buffer_inst/reset01_out                                                    |                6 |             16 |
|  clk_IBUF_BUFG | shared_buffer_inst/shared_equation_buffer[127]_i_1_n_0                                  | shared_buffer_inst/reset01_out                                                    |                7 |             16 |
|  clk_IBUF_BUFG | shared_buffer_inst/shared_equation_buffer[103]_i_1_n_0                                  | shared_buffer_inst/reset01_out                                                    |                6 |             16 |
|  clk_IBUF_BUFG | shared_buffer_inst/shared_equation_buffer[111]_i_1_n_0                                  | shared_buffer_inst/reset01_out                                                    |                5 |             16 |
|  clk_IBUF_BUFG | calc_mode_top_inst/u_exec/u_alu/u_pow/pow2_inst/rom_addr                                | calc_mode_top_inst/u_exec/u_alu/u_pow/frac_part_reg[0][0]                         |                3 |             16 |
|  clk_IBUF_BUFG | shared_buffer_inst/shared_equation_buffer[423]_i_1_n_0                                  | shared_buffer_inst/reset01_out                                                    |                6 |             16 |
|  clk_IBUF_BUFG | shared_buffer_inst/shared_equation_buffer[319]_i_1_n_0                                  | shared_buffer_inst/reset01_out                                                    |                6 |             16 |
|  clk_IBUF_BUFG | shared_buffer_inst/shared_equation_buffer[327]_i_1_n_0                                  | shared_buffer_inst/reset01_out                                                    |                6 |             16 |
|  clk_IBUF_BUFG | shared_buffer_inst/shared_equation_buffer[31]_i_1_n_0                                   | shared_buffer_inst/reset01_out                                                    |                6 |             16 |
|  clk_IBUF_BUFG | calc_mode_top_inst/eh_cap/p_0_in[79]                                                    | shared_ascii_inst/len_reg[1]_rep__0_0                                             |                3 |             16 |
|  clk_IBUF_BUFG | shared_buffer_inst/shared_equation_buffer[343]_i_1_n_0                                  | shared_buffer_inst/reset01_out                                                    |                6 |             16 |
|  clk_IBUF_BUFG | shared_buffer_inst/shared_equation_buffer[351]_i_1_n_0                                  | shared_buffer_inst/reset01_out                                                    |                4 |             16 |
|  clk_IBUF_BUFG | shared_buffer_inst/shared_equation_buffer[359]_i_1_n_0                                  | shared_buffer_inst/reset01_out                                                    |                6 |             16 |
|  clk_IBUF_BUFG | shared_buffer_inst/shared_equation_buffer[375]_i_1_n_0                                  | shared_buffer_inst/reset01_out                                                    |                6 |             16 |
|  clk_IBUF_BUFG | shared_buffer_inst/shared_equation_buffer[367]_i_1_n_0                                  | shared_buffer_inst/reset01_out                                                    |                6 |             16 |
|  clk_IBUF_BUFG | shared_buffer_inst/shared_equation_buffer[391]_i_1_n_0                                  | shared_buffer_inst/reset01_out                                                    |                6 |             16 |
|  clk_IBUF_BUFG | shared_buffer_inst/shared_equation_buffer[407]_i_1_n_0                                  | shared_buffer_inst/reset01_out                                                    |                5 |             16 |
|  clk_IBUF_BUFG | shared_buffer_inst/shared_equation_buffer[399]_i_1_n_0                                  | shared_buffer_inst/reset01_out                                                    |                6 |             16 |
|  clk_IBUF_BUFG | shared_buffer_inst/shared_equation_buffer[39]_i_1_n_0                                   | shared_buffer_inst/reset01_out                                                    |                6 |             16 |
|  clk_IBUF_BUFG | shared_buffer_inst/shared_equation_buffer[415]_i_1_n_0                                  | shared_buffer_inst/reset01_out                                                    |                8 |             16 |
|  clk_IBUF_BUFG | shared_buffer_inst/shared_equation_buffer[431]_i_1_n_0                                  | shared_buffer_inst/reset01_out                                                    |                6 |             16 |
|  clk_IBUF_BUFG | shared_buffer_inst/shared_equation_buffer[335]_i_1_n_0                                  | shared_buffer_inst/reset01_out                                                    |                5 |             16 |
|  clk_IBUF_BUFG | shared_buffer_inst/shared_equation_buffer[447]_i_1_n_0                                  | shared_buffer_inst/reset01_out                                                    |                7 |             16 |
|  clk_IBUF_BUFG | shared_buffer_inst/shared_equation_buffer[439]_i_1_n_0                                  | shared_buffer_inst/reset01_out                                                    |                6 |             16 |
|  clk_IBUF_BUFG | shared_buffer_inst/shared_equation_buffer[463]_i_1_n_0                                  | shared_buffer_inst/reset01_out                                                    |                5 |             16 |
|  clk_IBUF_BUFG | shared_buffer_inst/shared_equation_buffer[455]_i_1_n_0                                  | shared_buffer_inst/reset01_out                                                    |                5 |             16 |
|  clk_IBUF_BUFG | shared_buffer_inst/shared_equation_buffer[479]_i_1_n_0                                  | shared_buffer_inst/reset01_out                                                    |                6 |             16 |
|  clk_IBUF_BUFG | shared_buffer_inst/shared_equation_buffer[471]_i_1_n_0                                  | shared_buffer_inst/reset01_out                                                    |                5 |             16 |
|  clk_IBUF_BUFG | shared_buffer_inst/shared_equation_buffer[47]_i_1_n_0                                   | shared_buffer_inst/reset01_out                                                    |                6 |             16 |
|  clk_IBUF_BUFG | grapher_module_inst/graph_type_selector_inst/quadratic_c_reg[8][0]                      | grapher_module_inst/graph_type_selector_inst/SR[0]                                |                4 |             18 |
|  clk_IBUF_BUFG | grapher_module_inst/graph_type_selector_inst/quadratic_b_reg[8][0]                      | grapher_module_inst/graph_type_selector_inst/SR[0]                                |                2 |             18 |
|  clk_IBUF_BUFG | grapher_module_inst/graph_type_selector_inst/quadratic_a_reg[8][0]                      | grapher_module_inst/graph_type_selector_inst/SR[0]                                |                4 |             18 |
|  clk_IBUF_BUFG | grapher_module_inst/graph_type_selector_inst/ln_scale_reg[0][0]                         | grapher_module_inst/graph_type_selector_inst/SR[0]                                |                6 |             18 |
|  clk_IBUF_BUFG | grapher_module_inst/graph_type_selector_inst/E[0]                                       | grapher_module_inst/graph_type_selector_inst/SR[0]                                |                3 |             18 |
|  clk_IBUF_BUFG | grapher_module_inst/graph_type_selector_inst/cubic_c_reg[0][0]                          | grapher_module_inst/graph_type_selector_inst/SR[0]                                |                5 |             18 |
|  clk_IBUF_BUFG | grapher_module_inst/graph_type_selector_inst/cubic_d_reg[8][0]                          | grapher_module_inst/graph_type_selector_inst/SR[0]                                |                4 |             18 |
|  clk_IBUF_BUFG | grapher_module_inst/graph_type_selector_inst/cubic_b_reg[0][0]                          | grapher_module_inst/graph_type_selector_inst/SR[0]                                |                5 |             18 |
|  clk_IBUF_BUFG | shared_keypad_inst/multichar_data_reg[22][0]                                            | shared_buffer_inst/reset01_out                                                    |                2 |             18 |
|  clk_IBUF_BUFG | grapher_module_inst/graph_type_selector_inst/cos_amplitude_reg[8][0]                    | grapher_module_inst/graph_type_selector_inst/SR[0]                                |                5 |             18 |
|  clk_IBUF_BUFG | grapher_module_inst/graph_type_selector_inst/exp_scale_reg[0][0]                        | grapher_module_inst/graph_type_selector_inst/SR[0]                                |                6 |             18 |
|  clk_IBUF_BUFG | grapher_module_inst/graph_type_selector_inst/tan_amplitude_reg[8][0]                    | grapher_module_inst/graph_type_selector_inst/SR[0]                                |                4 |             18 |
|  clk_IBUF_BUFG | grapher_module_inst/graph_type_selector_inst/linear_slope_reg[0][0]                     | grapher_module_inst/graph_type_selector_inst/SR[0]                                |                2 |             18 |
|  clk_IBUF_BUFG | shared_ascii_inst/E[0]                                                                  | calc_mode_top_inst/u_exec/u_pe/chk_done_q_reg                                     |                4 |             18 |
|  clk_IBUF_BUFG | grapher_module_inst/graph_type_selector_inst/sin_amplitude_reg[0][0]                    | grapher_module_inst/graph_type_selector_inst/SR[0]                                |                5 |             18 |
|  clk_IBUF_BUFG | grapher_module_inst/graph_type_selector_inst/linear_intercept_reg[0][0]                 | grapher_module_inst/graph_type_selector_inst/SR[0]                                |                4 |             18 |
|  clk_IBUF_BUFG | calc_mode_top_inst/u_exec/u_alu/u_trig/CORDIC_trigo_inst/iter                           | calc_mode_top_inst/u_exec/u_alu/u_trig/AR[0]                                      |                5 |             18 |
|  clk_IBUF_BUFG | calc_mode_top_inst/u_exec/u_alu/u_div/a_reg                                             | calc_mode_top_inst/u_exec/u_alu/div_clr_reg_rep_n_0                               |                3 |             20 |
|  clk_IBUF_BUFG | calc_mode_top_inst/u_exec/u_alu/alu_done_i_1_n_0                                        | shared_ascii_inst/B_reg[0]                                                        |                5 |             20 |
|  clk_IBUF_BUFG | vga_display_handler_inst/vga_sync_unit/v_count_reg0                                     | vga_display_handler_inst/vga_sync_unit/reset                                      |                4 |             20 |
|  clk_IBUF_BUFG | calc_mode_top_inst/vga_drawer/E[0]                                                      | vga_display_handler_inst/vga_sync_unit/output_char_code_reg_reg[0][0]             |                9 |             22 |
|  clk_IBUF_BUFG | grapher_module_inst/equation_parser_inst/parse_idx[6]_i_1_n_0                           | grapher_module_inst/equation_parser_inst/rst0                                     |                6 |             22 |
|  clk_IBUF_BUFG | shared_ascii_inst/len_reg[1]_rep__0                                                     | shared_ascii_inst/len_reg[1]_rep__0_0                                             |                5 |             22 |
|  clk_IBUF_BUFG |                                                                                         | grapher_module_inst/equation_parser_inst/rst0                                     |                9 |             24 |
|  clk_IBUF_BUFG | calc_mode_top_inst/u_exec/u_pe/frac_acc                                                 | shared_ascii_inst/B_reg[0]                                                        |                5 |             24 |
|  clk_IBUF_BUFG | calc_mode_top_inst/u_exec/u_alu/u_trig/CORDIC_trigo_inst/z_reg[24]_0                    | calc_mode_top_inst/u_exec/u_alu/u_trig/CORDIC_trigo_inst/x[19]_i_1_n_0            |                7 |             24 |
|  clk_IBUF_BUFG | vga_display_handler_inst/vga_sync_unit/E[0]                                             | vga_display_handler_inst/vga_sync_unit/vga_data_reg[1][0]                         |                4 |             24 |
|  clk_IBUF_BUFG | calc_mode_top_inst/u_exec/u_alu/u_log/rom_addr                                          | calc_mode_top_inst/u_exec/u_alu/log_clr_reg_n_0                                   |                6 |             24 |
|  clk_IBUF_BUFG | calc_mode_top_inst/u_exec/u_alu/u_pow/log2_inst/rom_addr                                | calc_mode_top_inst/u_exec/u_alu/u_pow/AR[0]                                       |                5 |             24 |
|  clk_IBUF_BUFG |                                                                                         | shared_ascii_inst/A_reg[15]                                                       |               11 |             28 |
|  clk_IBUF_BUFG | grapher_module_inst/equation_parser_inst/current_coeff[15]_i_1_n_0                      | grapher_module_inst/equation_parser_inst/rst0                                     |                4 |             32 |
|  clk_IBUF_BUFG | grapher_module_inst/equation_parser_inst/coeff[1][15]_i_1_n_0                           | grapher_module_inst/equation_parser_inst/rst0                                     |                3 |             32 |
|  clk_IBUF_BUFG | grapher_module_inst/equation_parser_inst/coeff[2][15]_i_1_n_0                           | grapher_module_inst/equation_parser_inst/rst0                                     |                4 |             32 |
|  clk_IBUF_BUFG | calc_mode_top_inst/u_exec/u_alu/u_pow/log2_inst/integer_part[15]_i_1_n_0                |                                                                                   |                5 |             32 |
|  clk_IBUF_BUFG | grapher_module_inst/equation_parser_inst/coeff[0][15]_i_1_n_0                           | grapher_module_inst/equation_parser_inst/rst0                                     |                3 |             32 |
|  clk_IBUF_BUFG | calc_mode_top_inst/u_exec/u_alu/u_log/integer_part[15]_i_1__0_n_0                       |                                                                                   |                4 |             32 |
|  clk_IBUF_BUFG | calc_mode_top_inst/u_exec/u_alu/alu_done_i_1_n_0                                        | shared_ascii_inst/A_reg[15]                                                       |                8 |             32 |
|  clk_IBUF_BUFG | calc_mode_top_inst/u_exec/i___91_n_0                                                    | shared_ascii_inst/A_reg[15]                                                       |                6 |             32 |
|  clk_IBUF_BUFG | grapher_module_inst/equation_parser_inst/coeff[3][15]_i_1_n_0                           | grapher_module_inst/equation_parser_inst/rst0                                     |                3 |             32 |
| ~clk6p25m      |                                                                                         | jb_display_handler_inst/oled_display_inst/frame_counter[16]_i_1_n_0               |                5 |             34 |
| ~clk6p25m_2    |                                                                                         | jc_display_handler_inst/oled_display_inst/frame_counter[16]_i_1__0_n_0            |                5 |             34 |
|  clk_IBUF_BUFG |                                                                                         | calc_mode_top_inst/u_exec/u_pe/chk_done_q_reg                                     |                5 |             34 |
|  clk_IBUF_BUFG | calc_mode_top_inst/u_exec/u_alu/u_log/msb_position                                      | calc_mode_top_inst/u_exec/u_alu/log_clr_reg_n_0                                   |                6 |             34 |
|  clk_IBUF_BUFG | calc_mode_top_inst/u_exec/u_alu/u_pow/log2_inst/FSM_onehot_state[2]_i_1__0_n_0          | calc_mode_top_inst/u_exec/u_alu/u_pow/AR[0]                                       |                4 |             34 |
|  clk_IBUF_BUFG | shared_buffer_inst/write_start_index                                                    | shared_buffer_inst/reset01_out                                                    |                6 |             36 |
|  clk_IBUF_BUFG | grapher_module_inst/graph_renderer_inst/E[0]                                            |                                                                                   |                6 |             38 |
|  clk_IBUF_BUFG | grapher_module_inst/graph_renderer_inst/intersect_x[9]_i_2_n_0                          | grapher_module_inst/graph_renderer_inst/intersect_x[9]_i_1_n_0                    |                7 |             38 |
|  clk_IBUF_BUFG |                                                                                         | grapher_module_inst/sw2_debouncer_inst/count[0]_i_1_n_0                           |                5 |             38 |
|  clk_IBUF_BUFG |                                                                                         | sw14_debouncer_inst/count[0]_i_1__0_n_0                                           |                5 |             38 |
| ~clk6p25m      | jb_display_handler_inst/oled_display_inst/delay[0]_i_1_n_0                              |                                                                                   |                5 |             40 |
| ~clk6p25m_2    | jc_display_handler_inst/oled_display_inst/delay[0]_i_1__0_n_0                           |                                                                                   |                5 |             40 |
|  clk_IBUF_BUFG |                                                                                         | grapher_module_inst/parser_inst/SR[0]                                             |                8 |             42 |
|  clk_IBUF_BUFG | calc_mode_top_inst/u_exec/u_alu/u_trig/CORDIC_trigo_inst/z_reg[24]_0                    |                                                                                   |               10 |             42 |
|  clk_IBUF_BUFG | button_debouncer_array_inst/debouncer_inst_3/count                                      | button_debouncer_array_inst/debouncer_inst_3/btn_out0                             |                6 |             46 |
|  clk_IBUF_BUFG | button_debouncer_array_inst/debouncer_inst_0/count                                      | button_debouncer_array_inst/debouncer_inst_0/btn_out0                             |                6 |             46 |
|  clk_IBUF_BUFG | button_debouncer_array_inst/debouncer_inst_1/count                                      | button_debouncer_array_inst/debouncer_inst_1/btn_out0                             |                6 |             46 |
|  clk_IBUF_BUFG | calc_mode_top_inst/expr_check/acc_q164[23]_i_1_n_0                                      | shared_ascii_inst/A_reg[15]                                                       |                8 |             46 |
|  clk_IBUF_BUFG | button_debouncer_array_inst/debouncer_inst_4/count                                      | button_debouncer_array_inst/debouncer_inst_4/btn_out0                             |                6 |             46 |
|  clk_IBUF_BUFG | button_debouncer_array_inst/debouncer_inst_2/count                                      | button_debouncer_array_inst/debouncer_inst_2/btn_out0                             |                6 |             46 |
|  clk_IBUF_BUFG | calc_mode_top_inst/u_exec/u_alu/u_div/dividend_reg                                      | calc_mode_top_inst/u_exec/u_alu/div_clr_reg_rep__0_n_0                            |               10 |             48 |
|  clk_IBUF_BUFG | calc_mode_top_inst/u_exec/u_alu/u_div/dividend_reg                                      | calc_mode_top_inst/u_exec/u_alu/div_clr_reg_rep_n_0                               |               10 |             48 |
|  clk_IBUF_BUFG | welcome_mode_module_inst/welcome_drawer_vga_inst/vga_x_d[9]_i_1_n_0                     |                                                                                   |                8 |             48 |
|  clk_IBUF_BUFG | calc_mode_top_inst/u_exec/u_alu/u_div/quotient_reg[23]_i_1_n_0                          | calc_mode_top_inst/u_exec/u_alu/div_clr_reg_rep_n_0                               |                9 |             48 |
|  clk_IBUF_BUFG | vga_display_handler_inst/vga_sync_unit/E[0]                                             | grapher_module_inst/graph_renderer_inst/scg0/vga_data_reg[11]_11[0]               |                8 |             48 |
|  clk_IBUF_BUFG | vga_display_handler_inst/vga_sync_unit/E[0]                                             | vga_display_handler_inst/vga_sync_unit/vga_data_reg[11][0]                        |               10 |             48 |
|  clk_IBUF_BUFG | calc_mode_top_inst/u_exec/u_alu/u_trig/divider_inst/dividend_reg                        | calc_mode_top_inst/u_exec/u_alu/u_trig/divider_clr                                |               10 |             48 |
|  clk_IBUF_BUFG | calc_mode_top_inst/u_exec/i___33_n_0                                                    | calc_mode_top_inst/u_exec/u_alu/u_pow/frac_part_reg[0][0]                         |                8 |             48 |
|  clk_IBUF_BUFG | calc_mode_top_inst/u_exec/i___75_n_0                                                    | shared_ascii_inst/B_reg[0]                                                        |               15 |             48 |
|  clk_IBUF_BUFG | calc_mode_top_inst/u_exec/u_alu/u_trig/divider_inst/quotient_reg[23]_i_1__0_n_0         | calc_mode_top_inst/u_exec/u_alu/u_trig/divider_clr                                |                8 |             48 |
|  clk_IBUF_BUFG | calc_mode_top_inst/u_exec/u_alu/u_trig/divider_inst/dividend_reg                        | calc_mode_top_inst/u_exec/u_alu/u_trig/divider_clr_reg_rep_n_0                    |                7 |             48 |
|  clk_IBUF_BUFG | calc_mode_top_inst/u_exec/u_alu/u_trig/CORDIC_trigo_inst/E[0]                           | calc_mode_top_inst/u_exec/u_alu/tri_clr_reg_n_0                                   |                8 |             50 |
|  clk_IBUF_BUFG | calc_mode_top_inst/u_exec/u_pe/B                                                        | shared_ascii_inst/B_reg[0]                                                        |               19 |             50 |
|  clk_IBUF_BUFG | calc_mode_top_inst/u_exec/i___402_n_0                                                   | calc_mode_top_inst/u_exec/u_alu/u_pow/AR[0]                                       |                9 |             50 |
|  clk_IBUF_BUFG | calc_mode_top_inst/u_exec/i___28_n_0                                                    | calc_mode_top_inst/u_exec/u_alu/u_pow/frac_part_reg[0][0]                         |               12 |             50 |
|  clk_IBUF_BUFG | calc_mode_top_inst/u_exec/i___461_n_0                                                   | calc_mode_top_inst/u_exec/u_alu/log_clr_reg_n_0                                   |                9 |             50 |
|  clk_IBUF_BUFG | calc_mode_top_inst/u_exec/u_alu/u_pow/log2_inst/a_reg                                   | calc_mode_top_inst/u_exec/u_alu/u_pow/AR[0]                                       |                9 |             50 |
|  clk_IBUF_BUFG | calc_mode_top_inst/u_exec/u_alu/u_div/val[24]_i_1_n_0                                   | calc_mode_top_inst/u_exec/u_alu/div_clr_reg_n_0                                   |                7 |             50 |
|  clk_IBUF_BUFG | calc_mode_top_inst/u_exec/u_alu/u_log/a_reg                                             | calc_mode_top_inst/u_exec/u_alu/log_clr_reg_n_0                                   |                8 |             50 |
|  clk_IBUF_BUFG | calc_mode_top_inst/u_exec/u_alu/u_pow/mult_inst/E[0]                                    | calc_mode_top_inst/u_exec/u_alu/pow2_clr_reg                                      |               13 |             50 |
|  clk_IBUF_BUFG | calc_mode_top_inst/u_exec/i___432_n_0                                                   |                                                                                   |                5 |             50 |
|  clk_IBUF_BUFG |                                                                                         | shared_keypad_inst/blink_counter[0]_i_1__0_n_0                                    |                7 |             52 |
|  clk_IBUF_BUFG | calc_mode_top_inst/u_exec/u_alu/u_trig/divider_inst/val[24]_i_1__2_n_0                  | calc_mode_top_inst/u_exec/u_alu/u_trig/divider_clr                                |               10 |             52 |
|  clk_IBUF_BUFG |                                                                                         | calc_mode_top_inst/vga_drawer/blink_counter[0]_i_1_n_0                            |                7 |             52 |
|  clk_IBUF_BUFG | calc_mode_top_inst/u_exec/u_alu/D[0]                                                    | shared_ascii_inst/A_reg[15]                                                       |               12 |             52 |
|  clk_IBUF_BUFG | calc_mode_top_inst/u_exec/u_alu/u_pow/ovf_q_reg_0[0]                                    | shared_ascii_inst/B_reg[0]                                                        |               17 |             52 |
|  clk_IBUF_BUFG | shared_buffer_inst/shared_equation_length[6]_i_1_n_0                                    | shared_buffer_inst/reset01_out                                                    |               11 |             52 |
|  clk_IBUF_BUFG | calc_mode_top_inst/u_exec/u_alu/u_mul/FSM_onehot_state_reg_n_0_[5]                      | calc_mode_top_inst/u_exec/u_alu/mul_clr_reg_n_0                                   |               12 |             54 |
|  clk_IBUF_BUFG | calc_mode_top_inst/u_exec/u_alu/u_pow/mult_inst/FSM_onehot_state_reg_n_0_[5]            | calc_mode_top_inst/u_exec/u_alu/u_pow/bit_index_reg[0][0]                         |               10 |             54 |
|  clk_IBUF_BUFG | sw_IBUF[3]                                                                              |                                                                                   |               10 |             54 |
|  clk_IBUF_BUFG | vga_display_handler_inst/vga_sync_unit/E[0]                                             | vga_display_handler_inst/vga_sync_unit/reset                                      |               15 |             56 |
|  clk_IBUF_BUFG | calc_mode_top_inst/u_exec/i___486_n_0                                                   | calc_mode_top_inst/u_exec/u_alu/u_trig/divider_clr_reg_rep_n_0                    |                9 |             62 |
|  clk_IBUF_BUFG | calc_mode_top_inst/u_exec/i___342_n_0                                                   | calc_mode_top_inst/u_exec/u_alu/div_clr_reg_rep__0_n_0                            |               11 |             62 |
|  clk_IBUF_BUFG | calc_mode_top_inst/u_exec/i___486_n_0                                                   | calc_mode_top_inst/u_exec/u_alu/u_trig/divider_clr                                |               11 |             64 |
|  clk_IBUF_BUFG |                                                                                         | jc_display_handler_inst/clk_6p25m/clear                                           |                8 |             64 |
| ~clk6p25m_2    | jc_display_handler_inst/oled_display_inst/state                                         |                                                                                   |                8 |             64 |
| ~clk6p25m      | jb_display_handler_inst/oled_display_inst/state                                         |                                                                                   |                8 |             64 |
|  clk_IBUF_BUFG |                                                                                         | jb_display_handler_inst/clk_6p25m/clear                                           |                8 |             64 |
|  clk_IBUF_BUFG | calc_mode_top_inst/u_exec/i___342_n_0                                                   | calc_mode_top_inst/u_exec/u_alu/div_clr_reg_rep_n_0                               |               12 |             64 |
|  clk_IBUF_BUFG | vga_display_handler_inst/vga_sync_unit/E[0]                                             | grapher_module_inst/graph_type_selector_inst/b_p1_reg[0]_0                        |               19 |             72 |
|  clk_IBUF_BUFG | vga_display_handler_inst/vga_sync_unit/E[0]                                             | grapher_module_inst/graph_type_selector_inst/b_p1_reg[0]_1                        |               18 |             72 |
|  clk_IBUF_BUFG | calc_mode_top_inst/u_exec/u_alu/u_trig/CORDIC_trigo_inst/z_reg[24]_0                    | calc_mode_top_inst/u_exec/i___283_n_0                                             |               14 |             76 |
|  clk_IBUF_BUFG | calc_mode_top_inst/u_exec/u_alu/u_div/a_reg                                             | calc_mode_top_inst/u_exec/u_alu/div_clr_reg_rep__0_n_0                            |               15 |             78 |
|  clk_IBUF_BUFG | grapher_module_inst/equation_parser_inst/parsed_graph_type[2]_i_1_n_0                   | grapher_module_inst/equation_parser_inst/rst0                                     |               11 |             78 |
|  clk_IBUF_BUFG | grapher_module_inst/equation_parser_inst/stored_graph_type1_reg[2][0]                   | grapher_module_inst/equation_parser_inst/rst0                                     |                8 |             82 |
|  clk_IBUF_BUFG | grapher_module_inst/equation_parser_inst/E[0]                                           | grapher_module_inst/equation_parser_inst/rst0                                     |               11 |             82 |
| ~clk6p25m      |                                                                                         | jb_display_handler_inst/oled_display_inst/spi_word[39]_i_1_n_0                    |               16 |             90 |
| ~clk6p25m_2    |                                                                                         | jc_display_handler_inst/oled_display_inst/spi_word[39]_i_1__0_n_0                 |               16 |             90 |
|  clk_IBUF_BUFG | calc_mode_top_inst/u_exec/u_alu/u_mul/num1_val                                          |                                                                                   |               22 |             96 |
|  clk_IBUF_BUFG | calc_mode_top_inst/u_exec/u_alu/u_pow/mult_inst/num1_val                                |                                                                                   |               20 |             96 |
|  clk_IBUF_BUFG | calc_mode_top_inst/u_exec/u_alu/u_mul/addend                                            | calc_mode_top_inst/u_exec/u_alu/mul_clr_reg_n_0                                   |               19 |             98 |
|  clk_IBUF_BUFG | calc_mode_top_inst/u_exec/u_alu/u_pow/mult_inst/FSM_onehot_state[3]_i_1__0_n_0          | calc_mode_top_inst/u_exec/u_alu/u_pow/bit_index_reg[0][0]                         |               18 |             98 |
|  clk_IBUF_BUFG | calc_mode_top_inst/u_exec/u_alu/u_pow/mult_inst/product                                 | calc_mode_top_inst/u_exec/u_alu/u_pow/bit_index_reg[0][0]                         |               21 |             98 |
|  clk_IBUF_BUFG | calc_mode_top_inst/u_exec/u_alu/u_mul/product                                           | calc_mode_top_inst/u_exec/u_alu/mul_clr_reg_n_0                                   |               21 |             98 |
|  clk_IBUF_BUFG | calc_mode_top_inst/u_exec/u_alu/u_trig/CORDIC_trigo_inst/sin_out[24]_i_1_n_0            |                                                                                   |               16 |            100 |
|  clk_IBUF_BUFG | calc_mode_top_inst/u_exec/u_alu/u_trig/divider_inst/a_reg                               | calc_mode_top_inst/u_exec/u_alu/u_trig/divider_clr                                |               16 |            100 |
|  clk_IBUF_BUFG | calc_mode_top_inst/u_exec/u_alu/u_log/E[0]                                              | shared_ascii_inst/alu_a_reg[0]                                                    |               16 |            102 |
|  clk_IBUF_BUFG | calc_mode_top_inst/u_exec/u_pe/alu_start_i_1_n_0                                        | shared_ascii_inst/alu_a_reg[0]                                                    |               20 |            108 |
|  clk_IBUF_BUFG |                                                                                         | shared_ascii_inst/alu_a_reg[0]                                                    |               27 |            118 |
|  clk_IBUF_BUFG | calc_mode_top_inst/vga_drawer/E[0]                                                      |                                                                                   |               30 |            120 |
|  clk_IBUF_BUFG |                                                                                         | shared_buffer_inst/reset01_out                                                    |               38 |            160 |
|  clk_IBUF_BUFG |                                                                                         |                                                                                   |              128 |            560 |
|  clk_IBUF_BUFG | shared_buffer_inst/complete_rising                                                      | grapher_module_inst/equation_parser_inst/rst0                                     |              226 |           1038 |
|  clk_IBUF_BUFG | vga_display_handler_inst/vga_sync_unit/E[0]                                             |                                                                                   |              295 |           1622 |
+----------------+-----------------------------------------------------------------------------------------+-----------------------------------------------------------------------------------+------------------+----------------+


