Copyright 1986-2018 Xilinx, Inc. All Rights Reserved.
-----------------------------------------------------------------------------------------------------------------------------------------------------------------------
| Tool Version : Vivado v.2018.2 (win64) Build 2258646 Thu Jun 14 20:03:12 MDT 2018
| Date         : Sun Nov  9 06:38:48 2025
| Host         : LAPTOP-TABE59UT running 64-bit major release  (build 9200)
| Command      : report_methodology -file Top_Student_methodology_drc_routed.rpt -pb Top_Student_methodology_drc_routed.pb -rpx Top_Student_methodology_drc_routed.rpx
| Design       : Top_Student
| Device       : xc7a35tcpg236-1
| Speed File   : -1
| Design State : Routed
-----------------------------------------------------------------------------------------------------------------------------------------------------------------------

Report Methodology

Table of Contents
-----------------
1. REPORT SUMMARY
2. REPORT DETAILS

1. REPORT SUMMARY
-----------------
            Netlist: netlist
          Floorplan: design_1
      Design limits: <entire design considered>
             Max violations: <unlimited>
             Violations found: 319
+-----------+----------+-------------------------------+------------+
| Rule      | Severity | Description                   | Violations |
+-----------+----------+-------------------------------+------------+
| LUTAR-1   | Warning  | LUT drives async reset alert  | 4          |
| SYNTH-9   | Warning  | Small multiplier              | 8          |
| TIMING-17 | Warning  | Non-clocked sequential cell   | 230        |
| TIMING-18 | Warning  | Missing input or output delay | 77         |
+-----------+----------+-------------------------------+------------+

2. REPORT DETAILS
-----------------
LUTAR-1#1 Warning
LUT drives async reset alert  
LUT cell calc_mode_top_inst/u_exec/u_pe/eh_err_code_l[2]_i_3, with 2 or more inputs, drives asynchronous preset/clear pin(s) calc_mode_top_inst/chk_done_q_reg/CLR, calc_mode_top_inst/eh_err_any_l_reg/CLR, calc_mode_top_inst/eh_err_any_l_reg_lopt_replica/CLR, calc_mode_top_inst/eh_err_code_l_reg[0]/CLR, calc_mode_top_inst/eh_err_code_l_reg[0]_lopt_replica/CLR, calc_mode_top_inst/eh_err_code_l_reg[1]/CLR, calc_mode_top_inst/eh_err_code_l_reg[1]_lopt_replica/CLR, calc_mode_top_inst/eh_err_code_l_reg[2]/CLR, calc_mode_top_inst/eh_err_code_l_reg[2]_lopt_replica/CLR, calc_mode_top_inst/eh_valid_reg/CLR, calc_mode_top_inst/scan_cnt_reg[0]/CLR, calc_mode_top_inst/scan_cnt_reg[10]/CLR, calc_mode_top_inst/scan_cnt_reg[11]/CLR, calc_mode_top_inst/scan_cnt_reg[12]/CLR, calc_mode_top_inst/scan_cnt_reg[13]/CLR (the first 15 of 26 listed). The LUT may glitch and trigger an unexpected reset, even if it is a properly timed path.
Related violations: <none>

LUTAR-1#2 Warning
LUT drives async reset alert  
LUT cell shared_ascii_inst/alu_start_i_2, with 2 or more inputs, drives asynchronous preset/clear pin(s) calc_mode_top_inst/u_exec/alu_a_r_reg[0]/CLR, calc_mode_top_inst/u_exec/alu_a_r_reg[10]/CLR, calc_mode_top_inst/u_exec/alu_a_r_reg[11]/CLR, calc_mode_top_inst/u_exec/alu_a_r_reg[12]/CLR, calc_mode_top_inst/u_exec/alu_a_r_reg[13]/CLR, calc_mode_top_inst/u_exec/alu_a_r_reg[14]/CLR, calc_mode_top_inst/u_exec/alu_a_r_reg[15]/CLR, calc_mode_top_inst/u_exec/alu_a_r_reg[16]/CLR, calc_mode_top_inst/u_exec/alu_a_r_reg[17]/CLR, calc_mode_top_inst/u_exec/alu_a_r_reg[18]/CLR, calc_mode_top_inst/u_exec/alu_a_r_reg[19]/CLR, calc_mode_top_inst/u_exec/alu_a_r_reg[1]/CLR, calc_mode_top_inst/u_exec/alu_a_r_reg[20]/CLR, calc_mode_top_inst/u_exec/alu_a_r_reg[21]/CLR, calc_mode_top_inst/u_exec/alu_a_r_reg[22]/CLR (the first 15 of 175 listed). The LUT may glitch and trigger an unexpected reset, even if it is a properly timed path.
Related violations: <none>

LUTAR-1#3 Warning
LUT drives async reset alert  
LUT cell shared_ascii_inst/int_acc[15]_i_2, with 2 or more inputs, drives asynchronous preset/clear pin(s) calc_mode_top_inst/expr_check/FSM_sequential_st_reg[0]/CLR, calc_mode_top_inst/expr_check/FSM_sequential_st_reg[1]/CLR, calc_mode_top_inst/expr_check/acc_q164_reg[0]/CLR, calc_mode_top_inst/expr_check/acc_q164_reg[10]/CLR, calc_mode_top_inst/expr_check/acc_q164_reg[11]/CLR, calc_mode_top_inst/expr_check/acc_q164_reg[12]/CLR, calc_mode_top_inst/expr_check/acc_q164_reg[13]/CLR, calc_mode_top_inst/expr_check/acc_q164_reg[14]/CLR, calc_mode_top_inst/expr_check/acc_q164_reg[15]/CLR, calc_mode_top_inst/expr_check/acc_q164_reg[16]/CLR, calc_mode_top_inst/expr_check/acc_q164_reg[17]/CLR, calc_mode_top_inst/expr_check/acc_q164_reg[18]/CLR, calc_mode_top_inst/expr_check/acc_q164_reg[19]/CLR, calc_mode_top_inst/expr_check/acc_q164_reg[1]/CLR, calc_mode_top_inst/expr_check/acc_q164_reg[20]/CLR (the first 15 of 122 listed). The LUT may glitch and trigger an unexpected reset, even if it is a properly timed path.
Related violations: <none>

LUTAR-1#4 Warning
LUT drives async reset alert  
LUT cell shared_ascii_inst/st[4]_i_3, with 2 or more inputs, drives asynchronous preset/clear pin(s) calc_mode_top_inst/expr_check/acc_q164_reg[23]/CLR, calc_mode_top_inst/expr_check/dot_seen_r_reg/CLR, calc_mode_top_inst/u_exec/done_reg/CLR, calc_mode_top_inst/u_exec/done_sync_reg[1]/CLR, calc_mode_top_inst/u_exec/u_alu/alu_overflow_reg/CLR, calc_mode_top_inst/u_exec/u_alu/alu_result_reg[16]/CLR, calc_mode_top_inst/u_exec/u_alu/alu_result_reg[17]/CLR, calc_mode_top_inst/u_exec/u_alu/alu_result_reg[18]/CLR, calc_mode_top_inst/u_exec/u_alu/alu_result_reg[19]/CLR, calc_mode_top_inst/u_exec/u_alu/alu_result_reg[20]/CLR, calc_mode_top_inst/u_exec/u_alu/alu_result_reg[21]/CLR, calc_mode_top_inst/u_exec/u_alu/alu_result_reg[22]/CLR, calc_mode_top_inst/u_exec/u_alu/alu_result_reg[23]/CLR, calc_mode_top_inst/u_exec/u_alu/alu_result_reg[24]/CLR, calc_mode_top_inst/u_exec/u_alu/ovf_q_reg/CLR (the first 15 of 121 listed). The LUT may glitch and trigger an unexpected reset, even if it is a properly timed path.
Related violations: <none>

SYNTH-9#1 Warning
Small multiplier  
Detected multiplier at grapher_module_inst/graph_oled/graph_x_scaled_p2_reg[13]_i_1 of size 11x5, it is implemented as LUTs due to its small size. To force the multiplier onto a DSP block, use the USE_DSP48 attribute.
Related violations: <none>

SYNTH-9#2 Warning
Small multiplier  
Detected multiplier at grapher_module_inst/graph_oled/graph_x_scaled_p2_reg[14]_i_1 of size 11x5, it is implemented as LUTs due to its small size. To force the multiplier onto a DSP block, use the USE_DSP48 attribute.
Related violations: <none>

SYNTH-9#3 Warning
Small multiplier  
Detected multiplier at grapher_module_inst/graph_oled/graph_x_scaled_p2_reg[5]_i_1 of size 11x5, it is implemented as LUTs due to its small size. To force the multiplier onto a DSP block, use the USE_DSP48 attribute.
Related violations: <none>

SYNTH-9#4 Warning
Small multiplier  
Detected multiplier at grapher_module_inst/graph_oled/graph_x_scaled_p2_reg[9]_i_1 of size 11x5, it is implemented as LUTs due to its small size. To force the multiplier onto a DSP block, use the USE_DSP48 attribute.
Related violations: <none>

SYNTH-9#5 Warning
Small multiplier  
Detected multiplier at grapher_module_inst/graph_oled/graph_y_scaled_p2_reg[13]_i_1 of size 11x5, it is implemented as LUTs due to its small size. To force the multiplier onto a DSP block, use the USE_DSP48 attribute.
Related violations: <none>

SYNTH-9#6 Warning
Small multiplier  
Detected multiplier at grapher_module_inst/graph_oled/graph_y_scaled_p2_reg[14]_i_1 of size 11x5, it is implemented as LUTs due to its small size. To force the multiplier onto a DSP block, use the USE_DSP48 attribute.
Related violations: <none>

SYNTH-9#7 Warning
Small multiplier  
Detected multiplier at grapher_module_inst/graph_oled/graph_y_scaled_p2_reg[5]_i_1 of size 11x5, it is implemented as LUTs due to its small size. To force the multiplier onto a DSP block, use the USE_DSP48 attribute.
Related violations: <none>

SYNTH-9#8 Warning
Small multiplier  
Detected multiplier at grapher_module_inst/graph_oled/graph_y_scaled_p2_reg[9]_i_1 of size 11x5, it is implemented as LUTs due to its small size. To force the multiplier onto a DSP block, use the USE_DSP48 attribute.
Related violations: <none>

TIMING-17#1 Warning
Non-clocked sequential cell  
The clock pin jb_display_handler_inst/oled_display_inst/FSM_onehot_state_reg[0]/C is not reached by a timing clock
Related violations: <none>

TIMING-17#2 Warning
Non-clocked sequential cell  
The clock pin jb_display_handler_inst/oled_display_inst/FSM_onehot_state_reg[10]/C is not reached by a timing clock
Related violations: <none>

TIMING-17#3 Warning
Non-clocked sequential cell  
The clock pin jb_display_handler_inst/oled_display_inst/FSM_onehot_state_reg[11]/C is not reached by a timing clock
Related violations: <none>

TIMING-17#4 Warning
Non-clocked sequential cell  
The clock pin jb_display_handler_inst/oled_display_inst/FSM_onehot_state_reg[12]/C is not reached by a timing clock
Related violations: <none>

TIMING-17#5 Warning
Non-clocked sequential cell  
The clock pin jb_display_handler_inst/oled_display_inst/FSM_onehot_state_reg[13]/C is not reached by a timing clock
Related violations: <none>

TIMING-17#6 Warning
Non-clocked sequential cell  
The clock pin jb_display_handler_inst/oled_display_inst/FSM_onehot_state_reg[14]/C is not reached by a timing clock
Related violations: <none>

TIMING-17#7 Warning
Non-clocked sequential cell  
The clock pin jb_display_handler_inst/oled_display_inst/FSM_onehot_state_reg[15]/C is not reached by a timing clock
Related violations: <none>

TIMING-17#8 Warning
Non-clocked sequential cell  
The clock pin jb_display_handler_inst/oled_display_inst/FSM_onehot_state_reg[16]/C is not reached by a timing clock
Related violations: <none>

TIMING-17#9 Warning
Non-clocked sequential cell  
The clock pin jb_display_handler_inst/oled_display_inst/FSM_onehot_state_reg[17]/C is not reached by a timing clock
Related violations: <none>

TIMING-17#10 Warning
Non-clocked sequential cell  
The clock pin jb_display_handler_inst/oled_display_inst/FSM_onehot_state_reg[18]/C is not reached by a timing clock
Related violations: <none>

TIMING-17#11 Warning
Non-clocked sequential cell  
The clock pin jb_display_handler_inst/oled_display_inst/FSM_onehot_state_reg[19]/C is not reached by a timing clock
Related violations: <none>

TIMING-17#12 Warning
Non-clocked sequential cell  
The clock pin jb_display_handler_inst/oled_display_inst/FSM_onehot_state_reg[1]/C is not reached by a timing clock
Related violations: <none>

TIMING-17#13 Warning
Non-clocked sequential cell  
The clock pin jb_display_handler_inst/oled_display_inst/FSM_onehot_state_reg[20]/C is not reached by a timing clock
Related violations: <none>

TIMING-17#14 Warning
Non-clocked sequential cell  
The clock pin jb_display_handler_inst/oled_display_inst/FSM_onehot_state_reg[21]/C is not reached by a timing clock
Related violations: <none>

TIMING-17#15 Warning
Non-clocked sequential cell  
The clock pin jb_display_handler_inst/oled_display_inst/FSM_onehot_state_reg[22]/C is not reached by a timing clock
Related violations: <none>

TIMING-17#16 Warning
Non-clocked sequential cell  
The clock pin jb_display_handler_inst/oled_display_inst/FSM_onehot_state_reg[23]/C is not reached by a timing clock
Related violations: <none>

TIMING-17#17 Warning
Non-clocked sequential cell  
The clock pin jb_display_handler_inst/oled_display_inst/FSM_onehot_state_reg[24]/C is not reached by a timing clock
Related violations: <none>

TIMING-17#18 Warning
Non-clocked sequential cell  
The clock pin jb_display_handler_inst/oled_display_inst/FSM_onehot_state_reg[25]/C is not reached by a timing clock
Related violations: <none>

TIMING-17#19 Warning
Non-clocked sequential cell  
The clock pin jb_display_handler_inst/oled_display_inst/FSM_onehot_state_reg[26]/C is not reached by a timing clock
Related violations: <none>

TIMING-17#20 Warning
Non-clocked sequential cell  
The clock pin jb_display_handler_inst/oled_display_inst/FSM_onehot_state_reg[27]/C is not reached by a timing clock
Related violations: <none>

TIMING-17#21 Warning
Non-clocked sequential cell  
The clock pin jb_display_handler_inst/oled_display_inst/FSM_onehot_state_reg[28]/C is not reached by a timing clock
Related violations: <none>

TIMING-17#22 Warning
Non-clocked sequential cell  
The clock pin jb_display_handler_inst/oled_display_inst/FSM_onehot_state_reg[29]/C is not reached by a timing clock
Related violations: <none>

TIMING-17#23 Warning
Non-clocked sequential cell  
The clock pin jb_display_handler_inst/oled_display_inst/FSM_onehot_state_reg[2]/C is not reached by a timing clock
Related violations: <none>

TIMING-17#24 Warning
Non-clocked sequential cell  
The clock pin jb_display_handler_inst/oled_display_inst/FSM_onehot_state_reg[30]/C is not reached by a timing clock
Related violations: <none>

TIMING-17#25 Warning
Non-clocked sequential cell  
The clock pin jb_display_handler_inst/oled_display_inst/FSM_onehot_state_reg[31]/C is not reached by a timing clock
Related violations: <none>

TIMING-17#26 Warning
Non-clocked sequential cell  
The clock pin jb_display_handler_inst/oled_display_inst/FSM_onehot_state_reg[3]/C is not reached by a timing clock
Related violations: <none>

TIMING-17#27 Warning
Non-clocked sequential cell  
The clock pin jb_display_handler_inst/oled_display_inst/FSM_onehot_state_reg[4]/C is not reached by a timing clock
Related violations: <none>

TIMING-17#28 Warning
Non-clocked sequential cell  
The clock pin jb_display_handler_inst/oled_display_inst/FSM_onehot_state_reg[5]/C is not reached by a timing clock
Related violations: <none>

TIMING-17#29 Warning
Non-clocked sequential cell  
The clock pin jb_display_handler_inst/oled_display_inst/FSM_onehot_state_reg[6]/C is not reached by a timing clock
Related violations: <none>

TIMING-17#30 Warning
Non-clocked sequential cell  
The clock pin jb_display_handler_inst/oled_display_inst/FSM_onehot_state_reg[7]/C is not reached by a timing clock
Related violations: <none>

TIMING-17#31 Warning
Non-clocked sequential cell  
The clock pin jb_display_handler_inst/oled_display_inst/FSM_onehot_state_reg[8]/C is not reached by a timing clock
Related violations: <none>

TIMING-17#32 Warning
Non-clocked sequential cell  
The clock pin jb_display_handler_inst/oled_display_inst/FSM_onehot_state_reg[9]/C is not reached by a timing clock
Related violations: <none>

TIMING-17#33 Warning
Non-clocked sequential cell  
The clock pin jb_display_handler_inst/oled_display_inst/delay_reg[0]/C is not reached by a timing clock
Related violations: <none>

TIMING-17#34 Warning
Non-clocked sequential cell  
The clock pin jb_display_handler_inst/oled_display_inst/delay_reg[10]/C is not reached by a timing clock
Related violations: <none>

TIMING-17#35 Warning
Non-clocked sequential cell  
The clock pin jb_display_handler_inst/oled_display_inst/delay_reg[11]/C is not reached by a timing clock
Related violations: <none>

TIMING-17#36 Warning
Non-clocked sequential cell  
The clock pin jb_display_handler_inst/oled_display_inst/delay_reg[12]/C is not reached by a timing clock
Related violations: <none>

TIMING-17#37 Warning
Non-clocked sequential cell  
The clock pin jb_display_handler_inst/oled_display_inst/delay_reg[13]/C is not reached by a timing clock
Related violations: <none>

TIMING-17#38 Warning
Non-clocked sequential cell  
The clock pin jb_display_handler_inst/oled_display_inst/delay_reg[14]/C is not reached by a timing clock
Related violations: <none>

TIMING-17#39 Warning
Non-clocked sequential cell  
The clock pin jb_display_handler_inst/oled_display_inst/delay_reg[15]/C is not reached by a timing clock
Related violations: <none>

TIMING-17#40 Warning
Non-clocked sequential cell  
The clock pin jb_display_handler_inst/oled_display_inst/delay_reg[16]/C is not reached by a timing clock
Related violations: <none>

TIMING-17#41 Warning
Non-clocked sequential cell  
The clock pin jb_display_handler_inst/oled_display_inst/delay_reg[17]/C is not reached by a timing clock
Related violations: <none>

TIMING-17#42 Warning
Non-clocked sequential cell  
The clock pin jb_display_handler_inst/oled_display_inst/delay_reg[18]/C is not reached by a timing clock
Related violations: <none>

TIMING-17#43 Warning
Non-clocked sequential cell  
The clock pin jb_display_handler_inst/oled_display_inst/delay_reg[19]/C is not reached by a timing clock
Related violations: <none>

TIMING-17#44 Warning
Non-clocked sequential cell  
The clock pin jb_display_handler_inst/oled_display_inst/delay_reg[1]/C is not reached by a timing clock
Related violations: <none>

TIMING-17#45 Warning
Non-clocked sequential cell  
The clock pin jb_display_handler_inst/oled_display_inst/delay_reg[2]/C is not reached by a timing clock
Related violations: <none>

TIMING-17#46 Warning
Non-clocked sequential cell  
The clock pin jb_display_handler_inst/oled_display_inst/delay_reg[3]/C is not reached by a timing clock
Related violations: <none>

TIMING-17#47 Warning
Non-clocked sequential cell  
The clock pin jb_display_handler_inst/oled_display_inst/delay_reg[4]/C is not reached by a timing clock
Related violations: <none>

TIMING-17#48 Warning
Non-clocked sequential cell  
The clock pin jb_display_handler_inst/oled_display_inst/delay_reg[5]/C is not reached by a timing clock
Related violations: <none>

TIMING-17#49 Warning
Non-clocked sequential cell  
The clock pin jb_display_handler_inst/oled_display_inst/delay_reg[6]/C is not reached by a timing clock
Related violations: <none>

TIMING-17#50 Warning
Non-clocked sequential cell  
The clock pin jb_display_handler_inst/oled_display_inst/delay_reg[7]/C is not reached by a timing clock
Related violations: <none>

TIMING-17#51 Warning
Non-clocked sequential cell  
The clock pin jb_display_handler_inst/oled_display_inst/delay_reg[8]/C is not reached by a timing clock
Related violations: <none>

TIMING-17#52 Warning
Non-clocked sequential cell  
The clock pin jb_display_handler_inst/oled_display_inst/delay_reg[9]/C is not reached by a timing clock
Related violations: <none>

TIMING-17#53 Warning
Non-clocked sequential cell  
The clock pin jb_display_handler_inst/oled_display_inst/frame_counter_reg[0]/C is not reached by a timing clock
Related violations: <none>

TIMING-17#54 Warning
Non-clocked sequential cell  
The clock pin jb_display_handler_inst/oled_display_inst/frame_counter_reg[10]/C is not reached by a timing clock
Related violations: <none>

TIMING-17#55 Warning
Non-clocked sequential cell  
The clock pin jb_display_handler_inst/oled_display_inst/frame_counter_reg[11]/C is not reached by a timing clock
Related violations: <none>

TIMING-17#56 Warning
Non-clocked sequential cell  
The clock pin jb_display_handler_inst/oled_display_inst/frame_counter_reg[12]/C is not reached by a timing clock
Related violations: <none>

TIMING-17#57 Warning
Non-clocked sequential cell  
The clock pin jb_display_handler_inst/oled_display_inst/frame_counter_reg[13]/C is not reached by a timing clock
Related violations: <none>

TIMING-17#58 Warning
Non-clocked sequential cell  
The clock pin jb_display_handler_inst/oled_display_inst/frame_counter_reg[14]/C is not reached by a timing clock
Related violations: <none>

TIMING-17#59 Warning
Non-clocked sequential cell  
The clock pin jb_display_handler_inst/oled_display_inst/frame_counter_reg[15]/C is not reached by a timing clock
Related violations: <none>

TIMING-17#60 Warning
Non-clocked sequential cell  
The clock pin jb_display_handler_inst/oled_display_inst/frame_counter_reg[16]/C is not reached by a timing clock
Related violations: <none>

TIMING-17#61 Warning
Non-clocked sequential cell  
The clock pin jb_display_handler_inst/oled_display_inst/frame_counter_reg[1]/C is not reached by a timing clock
Related violations: <none>

TIMING-17#62 Warning
Non-clocked sequential cell  
The clock pin jb_display_handler_inst/oled_display_inst/frame_counter_reg[2]/C is not reached by a timing clock
Related violations: <none>

TIMING-17#63 Warning
Non-clocked sequential cell  
The clock pin jb_display_handler_inst/oled_display_inst/frame_counter_reg[3]/C is not reached by a timing clock
Related violations: <none>

TIMING-17#64 Warning
Non-clocked sequential cell  
The clock pin jb_display_handler_inst/oled_display_inst/frame_counter_reg[4]/C is not reached by a timing clock
Related violations: <none>

TIMING-17#65 Warning
Non-clocked sequential cell  
The clock pin jb_display_handler_inst/oled_display_inst/frame_counter_reg[5]/C is not reached by a timing clock
Related violations: <none>

TIMING-17#66 Warning
Non-clocked sequential cell  
The clock pin jb_display_handler_inst/oled_display_inst/frame_counter_reg[6]/C is not reached by a timing clock
Related violations: <none>

TIMING-17#67 Warning
Non-clocked sequential cell  
The clock pin jb_display_handler_inst/oled_display_inst/frame_counter_reg[7]/C is not reached by a timing clock
Related violations: <none>

TIMING-17#68 Warning
Non-clocked sequential cell  
The clock pin jb_display_handler_inst/oled_display_inst/frame_counter_reg[8]/C is not reached by a timing clock
Related violations: <none>

TIMING-17#69 Warning
Non-clocked sequential cell  
The clock pin jb_display_handler_inst/oled_display_inst/frame_counter_reg[9]/C is not reached by a timing clock
Related violations: <none>

TIMING-17#70 Warning
Non-clocked sequential cell  
The clock pin jb_display_handler_inst/oled_display_inst/spi_word_bit_count_reg[0]/C is not reached by a timing clock
Related violations: <none>

TIMING-17#71 Warning
Non-clocked sequential cell  
The clock pin jb_display_handler_inst/oled_display_inst/spi_word_bit_count_reg[1]/C is not reached by a timing clock
Related violations: <none>

TIMING-17#72 Warning
Non-clocked sequential cell  
The clock pin jb_display_handler_inst/oled_display_inst/spi_word_bit_count_reg[2]/C is not reached by a timing clock
Related violations: <none>

TIMING-17#73 Warning
Non-clocked sequential cell  
The clock pin jb_display_handler_inst/oled_display_inst/spi_word_bit_count_reg[3]/C is not reached by a timing clock
Related violations: <none>

TIMING-17#74 Warning
Non-clocked sequential cell  
The clock pin jb_display_handler_inst/oled_display_inst/spi_word_bit_count_reg[4]/C is not reached by a timing clock
Related violations: <none>

TIMING-17#75 Warning
Non-clocked sequential cell  
The clock pin jb_display_handler_inst/oled_display_inst/spi_word_bit_count_reg[5]/C is not reached by a timing clock
Related violations: <none>

TIMING-17#76 Warning
Non-clocked sequential cell  
The clock pin jb_display_handler_inst/oled_display_inst/spi_word_reg[0]/C is not reached by a timing clock
Related violations: <none>

TIMING-17#77 Warning
Non-clocked sequential cell  
The clock pin jb_display_handler_inst/oled_display_inst/spi_word_reg[10]/C is not reached by a timing clock
Related violations: <none>

TIMING-17#78 Warning
Non-clocked sequential cell  
The clock pin jb_display_handler_inst/oled_display_inst/spi_word_reg[11]/C is not reached by a timing clock
Related violations: <none>

TIMING-17#79 Warning
Non-clocked sequential cell  
The clock pin jb_display_handler_inst/oled_display_inst/spi_word_reg[12]/C is not reached by a timing clock
Related violations: <none>

TIMING-17#80 Warning
Non-clocked sequential cell  
The clock pin jb_display_handler_inst/oled_display_inst/spi_word_reg[13]/C is not reached by a timing clock
Related violations: <none>

TIMING-17#81 Warning
Non-clocked sequential cell  
The clock pin jb_display_handler_inst/oled_display_inst/spi_word_reg[14]/C is not reached by a timing clock
Related violations: <none>

TIMING-17#82 Warning
Non-clocked sequential cell  
The clock pin jb_display_handler_inst/oled_display_inst/spi_word_reg[15]/C is not reached by a timing clock
Related violations: <none>

TIMING-17#83 Warning
Non-clocked sequential cell  
The clock pin jb_display_handler_inst/oled_display_inst/spi_word_reg[16]/C is not reached by a timing clock
Related violations: <none>

TIMING-17#84 Warning
Non-clocked sequential cell  
The clock pin jb_display_handler_inst/oled_display_inst/spi_word_reg[17]/C is not reached by a timing clock
Related violations: <none>

TIMING-17#85 Warning
Non-clocked sequential cell  
The clock pin jb_display_handler_inst/oled_display_inst/spi_word_reg[18]/C is not reached by a timing clock
Related violations: <none>

TIMING-17#86 Warning
Non-clocked sequential cell  
The clock pin jb_display_handler_inst/oled_display_inst/spi_word_reg[19]/C is not reached by a timing clock
Related violations: <none>

TIMING-17#87 Warning
Non-clocked sequential cell  
The clock pin jb_display_handler_inst/oled_display_inst/spi_word_reg[1]/C is not reached by a timing clock
Related violations: <none>

TIMING-17#88 Warning
Non-clocked sequential cell  
The clock pin jb_display_handler_inst/oled_display_inst/spi_word_reg[20]/C is not reached by a timing clock
Related violations: <none>

TIMING-17#89 Warning
Non-clocked sequential cell  
The clock pin jb_display_handler_inst/oled_display_inst/spi_word_reg[21]/C is not reached by a timing clock
Related violations: <none>

TIMING-17#90 Warning
Non-clocked sequential cell  
The clock pin jb_display_handler_inst/oled_display_inst/spi_word_reg[22]/C is not reached by a timing clock
Related violations: <none>

TIMING-17#91 Warning
Non-clocked sequential cell  
The clock pin jb_display_handler_inst/oled_display_inst/spi_word_reg[23]/C is not reached by a timing clock
Related violations: <none>

TIMING-17#92 Warning
Non-clocked sequential cell  
The clock pin jb_display_handler_inst/oled_display_inst/spi_word_reg[24]/C is not reached by a timing clock
Related violations: <none>

TIMING-17#93 Warning
Non-clocked sequential cell  
The clock pin jb_display_handler_inst/oled_display_inst/spi_word_reg[25]/C is not reached by a timing clock
Related violations: <none>

TIMING-17#94 Warning
Non-clocked sequential cell  
The clock pin jb_display_handler_inst/oled_display_inst/spi_word_reg[26]/C is not reached by a timing clock
Related violations: <none>

TIMING-17#95 Warning
Non-clocked sequential cell  
The clock pin jb_display_handler_inst/oled_display_inst/spi_word_reg[27]/C is not reached by a timing clock
Related violations: <none>

TIMING-17#96 Warning
Non-clocked sequential cell  
The clock pin jb_display_handler_inst/oled_display_inst/spi_word_reg[28]/C is not reached by a timing clock
Related violations: <none>

TIMING-17#97 Warning
Non-clocked sequential cell  
The clock pin jb_display_handler_inst/oled_display_inst/spi_word_reg[29]/C is not reached by a timing clock
Related violations: <none>

TIMING-17#98 Warning
Non-clocked sequential cell  
The clock pin jb_display_handler_inst/oled_display_inst/spi_word_reg[2]/C is not reached by a timing clock
Related violations: <none>

TIMING-17#99 Warning
Non-clocked sequential cell  
The clock pin jb_display_handler_inst/oled_display_inst/spi_word_reg[30]/C is not reached by a timing clock
Related violations: <none>

TIMING-17#100 Warning
Non-clocked sequential cell  
The clock pin jb_display_handler_inst/oled_display_inst/spi_word_reg[31]/C is not reached by a timing clock
Related violations: <none>

TIMING-17#101 Warning
Non-clocked sequential cell  
The clock pin jb_display_handler_inst/oled_display_inst/spi_word_reg[32]/C is not reached by a timing clock
Related violations: <none>

TIMING-17#102 Warning
Non-clocked sequential cell  
The clock pin jb_display_handler_inst/oled_display_inst/spi_word_reg[33]/C is not reached by a timing clock
Related violations: <none>

TIMING-17#103 Warning
Non-clocked sequential cell  
The clock pin jb_display_handler_inst/oled_display_inst/spi_word_reg[34]/C is not reached by a timing clock
Related violations: <none>

TIMING-17#104 Warning
Non-clocked sequential cell  
The clock pin jb_display_handler_inst/oled_display_inst/spi_word_reg[35]/C is not reached by a timing clock
Related violations: <none>

TIMING-17#105 Warning
Non-clocked sequential cell  
The clock pin jb_display_handler_inst/oled_display_inst/spi_word_reg[36]/C is not reached by a timing clock
Related violations: <none>

TIMING-17#106 Warning
Non-clocked sequential cell  
The clock pin jb_display_handler_inst/oled_display_inst/spi_word_reg[37]/C is not reached by a timing clock
Related violations: <none>

TIMING-17#107 Warning
Non-clocked sequential cell  
The clock pin jb_display_handler_inst/oled_display_inst/spi_word_reg[38]/C is not reached by a timing clock
Related violations: <none>

TIMING-17#108 Warning
Non-clocked sequential cell  
The clock pin jb_display_handler_inst/oled_display_inst/spi_word_reg[39]/C is not reached by a timing clock
Related violations: <none>

TIMING-17#109 Warning
Non-clocked sequential cell  
The clock pin jb_display_handler_inst/oled_display_inst/spi_word_reg[3]/C is not reached by a timing clock
Related violations: <none>

TIMING-17#110 Warning
Non-clocked sequential cell  
The clock pin jb_display_handler_inst/oled_display_inst/spi_word_reg[4]/C is not reached by a timing clock
Related violations: <none>

TIMING-17#111 Warning
Non-clocked sequential cell  
The clock pin jb_display_handler_inst/oled_display_inst/spi_word_reg[5]/C is not reached by a timing clock
Related violations: <none>

TIMING-17#112 Warning
Non-clocked sequential cell  
The clock pin jb_display_handler_inst/oled_display_inst/spi_word_reg[6]/C is not reached by a timing clock
Related violations: <none>

TIMING-17#113 Warning
Non-clocked sequential cell  
The clock pin jb_display_handler_inst/oled_display_inst/spi_word_reg[7]/C is not reached by a timing clock
Related violations: <none>

TIMING-17#114 Warning
Non-clocked sequential cell  
The clock pin jb_display_handler_inst/oled_display_inst/spi_word_reg[8]/C is not reached by a timing clock
Related violations: <none>

TIMING-17#115 Warning
Non-clocked sequential cell  
The clock pin jb_display_handler_inst/oled_display_inst/spi_word_reg[9]/C is not reached by a timing clock
Related violations: <none>

TIMING-17#116 Warning
Non-clocked sequential cell  
The clock pin jc_display_handler_inst/oled_display_inst/FSM_onehot_state_reg[0]/C is not reached by a timing clock
Related violations: <none>

TIMING-17#117 Warning
Non-clocked sequential cell  
The clock pin jc_display_handler_inst/oled_display_inst/FSM_onehot_state_reg[10]/C is not reached by a timing clock
Related violations: <none>

TIMING-17#118 Warning
Non-clocked sequential cell  
The clock pin jc_display_handler_inst/oled_display_inst/FSM_onehot_state_reg[11]/C is not reached by a timing clock
Related violations: <none>

TIMING-17#119 Warning
Non-clocked sequential cell  
The clock pin jc_display_handler_inst/oled_display_inst/FSM_onehot_state_reg[12]/C is not reached by a timing clock
Related violations: <none>

TIMING-17#120 Warning
Non-clocked sequential cell  
The clock pin jc_display_handler_inst/oled_display_inst/FSM_onehot_state_reg[13]/C is not reached by a timing clock
Related violations: <none>

TIMING-17#121 Warning
Non-clocked sequential cell  
The clock pin jc_display_handler_inst/oled_display_inst/FSM_onehot_state_reg[14]/C is not reached by a timing clock
Related violations: <none>

TIMING-17#122 Warning
Non-clocked sequential cell  
The clock pin jc_display_handler_inst/oled_display_inst/FSM_onehot_state_reg[15]/C is not reached by a timing clock
Related violations: <none>

TIMING-17#123 Warning
Non-clocked sequential cell  
The clock pin jc_display_handler_inst/oled_display_inst/FSM_onehot_state_reg[16]/C is not reached by a timing clock
Related violations: <none>

TIMING-17#124 Warning
Non-clocked sequential cell  
The clock pin jc_display_handler_inst/oled_display_inst/FSM_onehot_state_reg[17]/C is not reached by a timing clock
Related violations: <none>

TIMING-17#125 Warning
Non-clocked sequential cell  
The clock pin jc_display_handler_inst/oled_display_inst/FSM_onehot_state_reg[18]/C is not reached by a timing clock
Related violations: <none>

TIMING-17#126 Warning
Non-clocked sequential cell  
The clock pin jc_display_handler_inst/oled_display_inst/FSM_onehot_state_reg[19]/C is not reached by a timing clock
Related violations: <none>

TIMING-17#127 Warning
Non-clocked sequential cell  
The clock pin jc_display_handler_inst/oled_display_inst/FSM_onehot_state_reg[1]/C is not reached by a timing clock
Related violations: <none>

TIMING-17#128 Warning
Non-clocked sequential cell  
The clock pin jc_display_handler_inst/oled_display_inst/FSM_onehot_state_reg[20]/C is not reached by a timing clock
Related violations: <none>

TIMING-17#129 Warning
Non-clocked sequential cell  
The clock pin jc_display_handler_inst/oled_display_inst/FSM_onehot_state_reg[21]/C is not reached by a timing clock
Related violations: <none>

TIMING-17#130 Warning
Non-clocked sequential cell  
The clock pin jc_display_handler_inst/oled_display_inst/FSM_onehot_state_reg[22]/C is not reached by a timing clock
Related violations: <none>

TIMING-17#131 Warning
Non-clocked sequential cell  
The clock pin jc_display_handler_inst/oled_display_inst/FSM_onehot_state_reg[23]/C is not reached by a timing clock
Related violations: <none>

TIMING-17#132 Warning
Non-clocked sequential cell  
The clock pin jc_display_handler_inst/oled_display_inst/FSM_onehot_state_reg[24]/C is not reached by a timing clock
Related violations: <none>

TIMING-17#133 Warning
Non-clocked sequential cell  
The clock pin jc_display_handler_inst/oled_display_inst/FSM_onehot_state_reg[25]/C is not reached by a timing clock
Related violations: <none>

TIMING-17#134 Warning
Non-clocked sequential cell  
The clock pin jc_display_handler_inst/oled_display_inst/FSM_onehot_state_reg[26]/C is not reached by a timing clock
Related violations: <none>

TIMING-17#135 Warning
Non-clocked sequential cell  
The clock pin jc_display_handler_inst/oled_display_inst/FSM_onehot_state_reg[27]/C is not reached by a timing clock
Related violations: <none>

TIMING-17#136 Warning
Non-clocked sequential cell  
The clock pin jc_display_handler_inst/oled_display_inst/FSM_onehot_state_reg[28]/C is not reached by a timing clock
Related violations: <none>

TIMING-17#137 Warning
Non-clocked sequential cell  
The clock pin jc_display_handler_inst/oled_display_inst/FSM_onehot_state_reg[29]/C is not reached by a timing clock
Related violations: <none>

TIMING-17#138 Warning
Non-clocked sequential cell  
The clock pin jc_display_handler_inst/oled_display_inst/FSM_onehot_state_reg[2]/C is not reached by a timing clock
Related violations: <none>

TIMING-17#139 Warning
Non-clocked sequential cell  
The clock pin jc_display_handler_inst/oled_display_inst/FSM_onehot_state_reg[30]/C is not reached by a timing clock
Related violations: <none>

TIMING-17#140 Warning
Non-clocked sequential cell  
The clock pin jc_display_handler_inst/oled_display_inst/FSM_onehot_state_reg[31]/C is not reached by a timing clock
Related violations: <none>

TIMING-17#141 Warning
Non-clocked sequential cell  
The clock pin jc_display_handler_inst/oled_display_inst/FSM_onehot_state_reg[3]/C is not reached by a timing clock
Related violations: <none>

TIMING-17#142 Warning
Non-clocked sequential cell  
The clock pin jc_display_handler_inst/oled_display_inst/FSM_onehot_state_reg[4]/C is not reached by a timing clock
Related violations: <none>

TIMING-17#143 Warning
Non-clocked sequential cell  
The clock pin jc_display_handler_inst/oled_display_inst/FSM_onehot_state_reg[5]/C is not reached by a timing clock
Related violations: <none>

TIMING-17#144 Warning
Non-clocked sequential cell  
The clock pin jc_display_handler_inst/oled_display_inst/FSM_onehot_state_reg[6]/C is not reached by a timing clock
Related violations: <none>

TIMING-17#145 Warning
Non-clocked sequential cell  
The clock pin jc_display_handler_inst/oled_display_inst/FSM_onehot_state_reg[7]/C is not reached by a timing clock
Related violations: <none>

TIMING-17#146 Warning
Non-clocked sequential cell  
The clock pin jc_display_handler_inst/oled_display_inst/FSM_onehot_state_reg[8]/C is not reached by a timing clock
Related violations: <none>

TIMING-17#147 Warning
Non-clocked sequential cell  
The clock pin jc_display_handler_inst/oled_display_inst/FSM_onehot_state_reg[9]/C is not reached by a timing clock
Related violations: <none>

TIMING-17#148 Warning
Non-clocked sequential cell  
The clock pin jc_display_handler_inst/oled_display_inst/delay_reg[0]/C is not reached by a timing clock
Related violations: <none>

TIMING-17#149 Warning
Non-clocked sequential cell  
The clock pin jc_display_handler_inst/oled_display_inst/delay_reg[10]/C is not reached by a timing clock
Related violations: <none>

TIMING-17#150 Warning
Non-clocked sequential cell  
The clock pin jc_display_handler_inst/oled_display_inst/delay_reg[11]/C is not reached by a timing clock
Related violations: <none>

TIMING-17#151 Warning
Non-clocked sequential cell  
The clock pin jc_display_handler_inst/oled_display_inst/delay_reg[12]/C is not reached by a timing clock
Related violations: <none>

TIMING-17#152 Warning
Non-clocked sequential cell  
The clock pin jc_display_handler_inst/oled_display_inst/delay_reg[13]/C is not reached by a timing clock
Related violations: <none>

TIMING-17#153 Warning
Non-clocked sequential cell  
The clock pin jc_display_handler_inst/oled_display_inst/delay_reg[14]/C is not reached by a timing clock
Related violations: <none>

TIMING-17#154 Warning
Non-clocked sequential cell  
The clock pin jc_display_handler_inst/oled_display_inst/delay_reg[15]/C is not reached by a timing clock
Related violations: <none>

TIMING-17#155 Warning
Non-clocked sequential cell  
The clock pin jc_display_handler_inst/oled_display_inst/delay_reg[16]/C is not reached by a timing clock
Related violations: <none>

TIMING-17#156 Warning
Non-clocked sequential cell  
The clock pin jc_display_handler_inst/oled_display_inst/delay_reg[17]/C is not reached by a timing clock
Related violations: <none>

TIMING-17#157 Warning
Non-clocked sequential cell  
The clock pin jc_display_handler_inst/oled_display_inst/delay_reg[18]/C is not reached by a timing clock
Related violations: <none>

TIMING-17#158 Warning
Non-clocked sequential cell  
The clock pin jc_display_handler_inst/oled_display_inst/delay_reg[19]/C is not reached by a timing clock
Related violations: <none>

TIMING-17#159 Warning
Non-clocked sequential cell  
The clock pin jc_display_handler_inst/oled_display_inst/delay_reg[1]/C is not reached by a timing clock
Related violations: <none>

TIMING-17#160 Warning
Non-clocked sequential cell  
The clock pin jc_display_handler_inst/oled_display_inst/delay_reg[2]/C is not reached by a timing clock
Related violations: <none>

TIMING-17#161 Warning
Non-clocked sequential cell  
The clock pin jc_display_handler_inst/oled_display_inst/delay_reg[3]/C is not reached by a timing clock
Related violations: <none>

TIMING-17#162 Warning
Non-clocked sequential cell  
The clock pin jc_display_handler_inst/oled_display_inst/delay_reg[4]/C is not reached by a timing clock
Related violations: <none>

TIMING-17#163 Warning
Non-clocked sequential cell  
The clock pin jc_display_handler_inst/oled_display_inst/delay_reg[5]/C is not reached by a timing clock
Related violations: <none>

TIMING-17#164 Warning
Non-clocked sequential cell  
The clock pin jc_display_handler_inst/oled_display_inst/delay_reg[6]/C is not reached by a timing clock
Related violations: <none>

TIMING-17#165 Warning
Non-clocked sequential cell  
The clock pin jc_display_handler_inst/oled_display_inst/delay_reg[7]/C is not reached by a timing clock
Related violations: <none>

TIMING-17#166 Warning
Non-clocked sequential cell  
The clock pin jc_display_handler_inst/oled_display_inst/delay_reg[8]/C is not reached by a timing clock
Related violations: <none>

TIMING-17#167 Warning
Non-clocked sequential cell  
The clock pin jc_display_handler_inst/oled_display_inst/delay_reg[9]/C is not reached by a timing clock
Related violations: <none>

TIMING-17#168 Warning
Non-clocked sequential cell  
The clock pin jc_display_handler_inst/oled_display_inst/frame_counter_reg[0]/C is not reached by a timing clock
Related violations: <none>

TIMING-17#169 Warning
Non-clocked sequential cell  
The clock pin jc_display_handler_inst/oled_display_inst/frame_counter_reg[10]/C is not reached by a timing clock
Related violations: <none>

TIMING-17#170 Warning
Non-clocked sequential cell  
The clock pin jc_display_handler_inst/oled_display_inst/frame_counter_reg[11]/C is not reached by a timing clock
Related violations: <none>

TIMING-17#171 Warning
Non-clocked sequential cell  
The clock pin jc_display_handler_inst/oled_display_inst/frame_counter_reg[12]/C is not reached by a timing clock
Related violations: <none>

TIMING-17#172 Warning
Non-clocked sequential cell  
The clock pin jc_display_handler_inst/oled_display_inst/frame_counter_reg[13]/C is not reached by a timing clock
Related violations: <none>

TIMING-17#173 Warning
Non-clocked sequential cell  
The clock pin jc_display_handler_inst/oled_display_inst/frame_counter_reg[14]/C is not reached by a timing clock
Related violations: <none>

TIMING-17#174 Warning
Non-clocked sequential cell  
The clock pin jc_display_handler_inst/oled_display_inst/frame_counter_reg[15]/C is not reached by a timing clock
Related violations: <none>

TIMING-17#175 Warning
Non-clocked sequential cell  
The clock pin jc_display_handler_inst/oled_display_inst/frame_counter_reg[16]/C is not reached by a timing clock
Related violations: <none>

TIMING-17#176 Warning
Non-clocked sequential cell  
The clock pin jc_display_handler_inst/oled_display_inst/frame_counter_reg[1]/C is not reached by a timing clock
Related violations: <none>

TIMING-17#177 Warning
Non-clocked sequential cell  
The clock pin jc_display_handler_inst/oled_display_inst/frame_counter_reg[2]/C is not reached by a timing clock
Related violations: <none>

TIMING-17#178 Warning
Non-clocked sequential cell  
The clock pin jc_display_handler_inst/oled_display_inst/frame_counter_reg[3]/C is not reached by a timing clock
Related violations: <none>

TIMING-17#179 Warning
Non-clocked sequential cell  
The clock pin jc_display_handler_inst/oled_display_inst/frame_counter_reg[4]/C is not reached by a timing clock
Related violations: <none>

TIMING-17#180 Warning
Non-clocked sequential cell  
The clock pin jc_display_handler_inst/oled_display_inst/frame_counter_reg[5]/C is not reached by a timing clock
Related violations: <none>

TIMING-17#181 Warning
Non-clocked sequential cell  
The clock pin jc_display_handler_inst/oled_display_inst/frame_counter_reg[6]/C is not reached by a timing clock
Related violations: <none>

TIMING-17#182 Warning
Non-clocked sequential cell  
The clock pin jc_display_handler_inst/oled_display_inst/frame_counter_reg[7]/C is not reached by a timing clock
Related violations: <none>

TIMING-17#183 Warning
Non-clocked sequential cell  
The clock pin jc_display_handler_inst/oled_display_inst/frame_counter_reg[8]/C is not reached by a timing clock
Related violations: <none>

TIMING-17#184 Warning
Non-clocked sequential cell  
The clock pin jc_display_handler_inst/oled_display_inst/frame_counter_reg[9]/C is not reached by a timing clock
Related violations: <none>

TIMING-17#185 Warning
Non-clocked sequential cell  
The clock pin jc_display_handler_inst/oled_display_inst/spi_word_bit_count_reg[0]/C is not reached by a timing clock
Related violations: <none>

TIMING-17#186 Warning
Non-clocked sequential cell  
The clock pin jc_display_handler_inst/oled_display_inst/spi_word_bit_count_reg[1]/C is not reached by a timing clock
Related violations: <none>

TIMING-17#187 Warning
Non-clocked sequential cell  
The clock pin jc_display_handler_inst/oled_display_inst/spi_word_bit_count_reg[2]/C is not reached by a timing clock
Related violations: <none>

TIMING-17#188 Warning
Non-clocked sequential cell  
The clock pin jc_display_handler_inst/oled_display_inst/spi_word_bit_count_reg[3]/C is not reached by a timing clock
Related violations: <none>

TIMING-17#189 Warning
Non-clocked sequential cell  
The clock pin jc_display_handler_inst/oled_display_inst/spi_word_bit_count_reg[4]/C is not reached by a timing clock
Related violations: <none>

TIMING-17#190 Warning
Non-clocked sequential cell  
The clock pin jc_display_handler_inst/oled_display_inst/spi_word_bit_count_reg[5]/C is not reached by a timing clock
Related violations: <none>

TIMING-17#191 Warning
Non-clocked sequential cell  
The clock pin jc_display_handler_inst/oled_display_inst/spi_word_reg[0]/C is not reached by a timing clock
Related violations: <none>

TIMING-17#192 Warning
Non-clocked sequential cell  
The clock pin jc_display_handler_inst/oled_display_inst/spi_word_reg[10]/C is not reached by a timing clock
Related violations: <none>

TIMING-17#193 Warning
Non-clocked sequential cell  
The clock pin jc_display_handler_inst/oled_display_inst/spi_word_reg[11]/C is not reached by a timing clock
Related violations: <none>

TIMING-17#194 Warning
Non-clocked sequential cell  
The clock pin jc_display_handler_inst/oled_display_inst/spi_word_reg[12]/C is not reached by a timing clock
Related violations: <none>

TIMING-17#195 Warning
Non-clocked sequential cell  
The clock pin jc_display_handler_inst/oled_display_inst/spi_word_reg[13]/C is not reached by a timing clock
Related violations: <none>

TIMING-17#196 Warning
Non-clocked sequential cell  
The clock pin jc_display_handler_inst/oled_display_inst/spi_word_reg[14]/C is not reached by a timing clock
Related violations: <none>

TIMING-17#197 Warning
Non-clocked sequential cell  
The clock pin jc_display_handler_inst/oled_display_inst/spi_word_reg[15]/C is not reached by a timing clock
Related violations: <none>

TIMING-17#198 Warning
Non-clocked sequential cell  
The clock pin jc_display_handler_inst/oled_display_inst/spi_word_reg[16]/C is not reached by a timing clock
Related violations: <none>

TIMING-17#199 Warning
Non-clocked sequential cell  
The clock pin jc_display_handler_inst/oled_display_inst/spi_word_reg[17]/C is not reached by a timing clock
Related violations: <none>

TIMING-17#200 Warning
Non-clocked sequential cell  
The clock pin jc_display_handler_inst/oled_display_inst/spi_word_reg[18]/C is not reached by a timing clock
Related violations: <none>

TIMING-17#201 Warning
Non-clocked sequential cell  
The clock pin jc_display_handler_inst/oled_display_inst/spi_word_reg[19]/C is not reached by a timing clock
Related violations: <none>

TIMING-17#202 Warning
Non-clocked sequential cell  
The clock pin jc_display_handler_inst/oled_display_inst/spi_word_reg[1]/C is not reached by a timing clock
Related violations: <none>

TIMING-17#203 Warning
Non-clocked sequential cell  
The clock pin jc_display_handler_inst/oled_display_inst/spi_word_reg[20]/C is not reached by a timing clock
Related violations: <none>

TIMING-17#204 Warning
Non-clocked sequential cell  
The clock pin jc_display_handler_inst/oled_display_inst/spi_word_reg[21]/C is not reached by a timing clock
Related violations: <none>

TIMING-17#205 Warning
Non-clocked sequential cell  
The clock pin jc_display_handler_inst/oled_display_inst/spi_word_reg[22]/C is not reached by a timing clock
Related violations: <none>

TIMING-17#206 Warning
Non-clocked sequential cell  
The clock pin jc_display_handler_inst/oled_display_inst/spi_word_reg[23]/C is not reached by a timing clock
Related violations: <none>

TIMING-17#207 Warning
Non-clocked sequential cell  
The clock pin jc_display_handler_inst/oled_display_inst/spi_word_reg[24]/C is not reached by a timing clock
Related violations: <none>

TIMING-17#208 Warning
Non-clocked sequential cell  
The clock pin jc_display_handler_inst/oled_display_inst/spi_word_reg[25]/C is not reached by a timing clock
Related violations: <none>

TIMING-17#209 Warning
Non-clocked sequential cell  
The clock pin jc_display_handler_inst/oled_display_inst/spi_word_reg[26]/C is not reached by a timing clock
Related violations: <none>

TIMING-17#210 Warning
Non-clocked sequential cell  
The clock pin jc_display_handler_inst/oled_display_inst/spi_word_reg[27]/C is not reached by a timing clock
Related violations: <none>

TIMING-17#211 Warning
Non-clocked sequential cell  
The clock pin jc_display_handler_inst/oled_display_inst/spi_word_reg[28]/C is not reached by a timing clock
Related violations: <none>

TIMING-17#212 Warning
Non-clocked sequential cell  
The clock pin jc_display_handler_inst/oled_display_inst/spi_word_reg[29]/C is not reached by a timing clock
Related violations: <none>

TIMING-17#213 Warning
Non-clocked sequential cell  
The clock pin jc_display_handler_inst/oled_display_inst/spi_word_reg[2]/C is not reached by a timing clock
Related violations: <none>

TIMING-17#214 Warning
Non-clocked sequential cell  
The clock pin jc_display_handler_inst/oled_display_inst/spi_word_reg[30]/C is not reached by a timing clock
Related violations: <none>

TIMING-17#215 Warning
Non-clocked sequential cell  
The clock pin jc_display_handler_inst/oled_display_inst/spi_word_reg[31]/C is not reached by a timing clock
Related violations: <none>

TIMING-17#216 Warning
Non-clocked sequential cell  
The clock pin jc_display_handler_inst/oled_display_inst/spi_word_reg[32]/C is not reached by a timing clock
Related violations: <none>

TIMING-17#217 Warning
Non-clocked sequential cell  
The clock pin jc_display_handler_inst/oled_display_inst/spi_word_reg[33]/C is not reached by a timing clock
Related violations: <none>

TIMING-17#218 Warning
Non-clocked sequential cell  
The clock pin jc_display_handler_inst/oled_display_inst/spi_word_reg[34]/C is not reached by a timing clock
Related violations: <none>

TIMING-17#219 Warning
Non-clocked sequential cell  
The clock pin jc_display_handler_inst/oled_display_inst/spi_word_reg[35]/C is not reached by a timing clock
Related violations: <none>

TIMING-17#220 Warning
Non-clocked sequential cell  
The clock pin jc_display_handler_inst/oled_display_inst/spi_word_reg[36]/C is not reached by a timing clock
Related violations: <none>

TIMING-17#221 Warning
Non-clocked sequential cell  
The clock pin jc_display_handler_inst/oled_display_inst/spi_word_reg[37]/C is not reached by a timing clock
Related violations: <none>

TIMING-17#222 Warning
Non-clocked sequential cell  
The clock pin jc_display_handler_inst/oled_display_inst/spi_word_reg[38]/C is not reached by a timing clock
Related violations: <none>

TIMING-17#223 Warning
Non-clocked sequential cell  
The clock pin jc_display_handler_inst/oled_display_inst/spi_word_reg[39]/C is not reached by a timing clock
Related violations: <none>

TIMING-17#224 Warning
Non-clocked sequential cell  
The clock pin jc_display_handler_inst/oled_display_inst/spi_word_reg[3]/C is not reached by a timing clock
Related violations: <none>

TIMING-17#225 Warning
Non-clocked sequential cell  
The clock pin jc_display_handler_inst/oled_display_inst/spi_word_reg[4]/C is not reached by a timing clock
Related violations: <none>

TIMING-17#226 Warning
Non-clocked sequential cell  
The clock pin jc_display_handler_inst/oled_display_inst/spi_word_reg[5]/C is not reached by a timing clock
Related violations: <none>

TIMING-17#227 Warning
Non-clocked sequential cell  
The clock pin jc_display_handler_inst/oled_display_inst/spi_word_reg[6]/C is not reached by a timing clock
Related violations: <none>

TIMING-17#228 Warning
Non-clocked sequential cell  
The clock pin jc_display_handler_inst/oled_display_inst/spi_word_reg[7]/C is not reached by a timing clock
Related violations: <none>

TIMING-17#229 Warning
Non-clocked sequential cell  
The clock pin jc_display_handler_inst/oled_display_inst/spi_word_reg[8]/C is not reached by a timing clock
Related violations: <none>

TIMING-17#230 Warning
Non-clocked sequential cell  
The clock pin jc_display_handler_inst/oled_display_inst/spi_word_reg[9]/C is not reached by a timing clock
Related violations: <none>

TIMING-18#1 Warning
Missing input or output delay  
An input delay is missing on btn[0] relative to clock(s) sys_clk_pin
Related violations: <none>

TIMING-18#2 Warning
Missing input or output delay  
An input delay is missing on btn[1] relative to clock(s) sys_clk_pin
Related violations: <none>

TIMING-18#3 Warning
Missing input or output delay  
An input delay is missing on btn[2] relative to clock(s) sys_clk_pin
Related violations: <none>

TIMING-18#4 Warning
Missing input or output delay  
An input delay is missing on btn[3] relative to clock(s) sys_clk_pin
Related violations: <none>

TIMING-18#5 Warning
Missing input or output delay  
An input delay is missing on btn[4] relative to clock(s) sys_clk_pin
Related violations: <none>

TIMING-18#6 Warning
Missing input or output delay  
An input delay is missing on sw[0] relative to clock(s) sys_clk_pin
Related violations: <none>

TIMING-18#7 Warning
Missing input or output delay  
An input delay is missing on sw[10] relative to clock(s) sys_clk_pin
Related violations: <none>

TIMING-18#8 Warning
Missing input or output delay  
An input delay is missing on sw[11] relative to clock(s) sys_clk_pin
Related violations: <none>

TIMING-18#9 Warning
Missing input or output delay  
An input delay is missing on sw[12] relative to clock(s) sys_clk_pin
Related violations: <none>

TIMING-18#10 Warning
Missing input or output delay  
An input delay is missing on sw[13] relative to clock(s) sys_clk_pin
Related violations: <none>

TIMING-18#11 Warning
Missing input or output delay  
An input delay is missing on sw[14] relative to clock(s) sys_clk_pin
Related violations: <none>

TIMING-18#12 Warning
Missing input or output delay  
An input delay is missing on sw[15] relative to clock(s) sys_clk_pin
Related violations: <none>

TIMING-18#13 Warning
Missing input or output delay  
An input delay is missing on sw[1] relative to clock(s) sys_clk_pin
Related violations: <none>

TIMING-18#14 Warning
Missing input or output delay  
An input delay is missing on sw[2] relative to clock(s) sys_clk_pin
Related violations: <none>

TIMING-18#15 Warning
Missing input or output delay  
An input delay is missing on sw[3] relative to clock(s) sys_clk_pin
Related violations: <none>

TIMING-18#16 Warning
Missing input or output delay  
An input delay is missing on sw[4] relative to clock(s) sys_clk_pin
Related violations: <none>

TIMING-18#17 Warning
Missing input or output delay  
An input delay is missing on sw[5] relative to clock(s) sys_clk_pin
Related violations: <none>

TIMING-18#18 Warning
Missing input or output delay  
An input delay is missing on sw[6] relative to clock(s) sys_clk_pin
Related violations: <none>

TIMING-18#19 Warning
Missing input or output delay  
An input delay is missing on sw[7] relative to clock(s) sys_clk_pin
Related violations: <none>

TIMING-18#20 Warning
Missing input or output delay  
An input delay is missing on sw[8] relative to clock(s) sys_clk_pin
Related violations: <none>

TIMING-18#21 Warning
Missing input or output delay  
An input delay is missing on sw[9] relative to clock(s) sys_clk_pin
Related violations: <none>

TIMING-18#22 Warning
Missing input or output delay  
An output delay is missing on JA[0] relative to clock(s) sys_clk_pin
Related violations: <none>

TIMING-18#23 Warning
Missing input or output delay  
An output delay is missing on JA[1] relative to clock(s) sys_clk_pin
Related violations: <none>

TIMING-18#24 Warning
Missing input or output delay  
An output delay is missing on JA[2] relative to clock(s) sys_clk_pin
Related violations: <none>

TIMING-18#25 Warning
Missing input or output delay  
An output delay is missing on JA[3] relative to clock(s) sys_clk_pin
Related violations: <none>

TIMING-18#26 Warning
Missing input or output delay  
An output delay is missing on JA[4] relative to clock(s) sys_clk_pin
Related violations: <none>

TIMING-18#27 Warning
Missing input or output delay  
An output delay is missing on JA[5] relative to clock(s) sys_clk_pin
Related violations: <none>

TIMING-18#28 Warning
Missing input or output delay  
An output delay is missing on JA[6] relative to clock(s) sys_clk_pin
Related violations: <none>

TIMING-18#29 Warning
Missing input or output delay  
An output delay is missing on JA[7] relative to clock(s) sys_clk_pin
Related violations: <none>

TIMING-18#30 Warning
Missing input or output delay  
An output delay is missing on JB[0] relative to clock(s) sys_clk_pin
Related violations: <none>

TIMING-18#31 Warning
Missing input or output delay  
An output delay is missing on JB[1] relative to clock(s) sys_clk_pin
Related violations: <none>

TIMING-18#32 Warning
Missing input or output delay  
An output delay is missing on JB[2] relative to clock(s) sys_clk_pin
Related violations: <none>

TIMING-18#33 Warning
Missing input or output delay  
An output delay is missing on JB[3] relative to clock(s) sys_clk_pin
Related violations: <none>

TIMING-18#34 Warning
Missing input or output delay  
An output delay is missing on JB[4] relative to clock(s) sys_clk_pin
Related violations: <none>

TIMING-18#35 Warning
Missing input or output delay  
An output delay is missing on JB[5] relative to clock(s) sys_clk_pin
Related violations: <none>

TIMING-18#36 Warning
Missing input or output delay  
An output delay is missing on JB[6] relative to clock(s) sys_clk_pin
Related violations: <none>

TIMING-18#37 Warning
Missing input or output delay  
An output delay is missing on JB[7] relative to clock(s) sys_clk_pin
Related violations: <none>

TIMING-18#38 Warning
Missing input or output delay  
An output delay is missing on VGA_Hsync relative to clock(s) sys_clk_pin
Related violations: <none>

TIMING-18#39 Warning
Missing input or output delay  
An output delay is missing on VGA_RGB[0] relative to clock(s) sys_clk_pin
Related violations: <none>

TIMING-18#40 Warning
Missing input or output delay  
An output delay is missing on VGA_RGB[10] relative to clock(s) sys_clk_pin
Related violations: <none>

TIMING-18#41 Warning
Missing input or output delay  
An output delay is missing on VGA_RGB[11] relative to clock(s) sys_clk_pin
Related violations: <none>

TIMING-18#42 Warning
Missing input or output delay  
An output delay is missing on VGA_RGB[1] relative to clock(s) sys_clk_pin
Related violations: <none>

TIMING-18#43 Warning
Missing input or output delay  
An output delay is missing on VGA_RGB[2] relative to clock(s) sys_clk_pin
Related violations: <none>

TIMING-18#44 Warning
Missing input or output delay  
An output delay is missing on VGA_RGB[3] relative to clock(s) sys_clk_pin
Related violations: <none>

TIMING-18#45 Warning
Missing input or output delay  
An output delay is missing on VGA_RGB[4] relative to clock(s) sys_clk_pin
Related violations: <none>

TIMING-18#46 Warning
Missing input or output delay  
An output delay is missing on VGA_RGB[5] relative to clock(s) sys_clk_pin
Related violations: <none>

TIMING-18#47 Warning
Missing input or output delay  
An output delay is missing on VGA_RGB[6] relative to clock(s) sys_clk_pin
Related violations: <none>

TIMING-18#48 Warning
Missing input or output delay  
An output delay is missing on VGA_RGB[7] relative to clock(s) sys_clk_pin
Related violations: <none>

TIMING-18#49 Warning
Missing input or output delay  
An output delay is missing on VGA_RGB[8] relative to clock(s) sys_clk_pin
Related violations: <none>

TIMING-18#50 Warning
Missing input or output delay  
An output delay is missing on VGA_RGB[9] relative to clock(s) sys_clk_pin
Related violations: <none>

TIMING-18#51 Warning
Missing input or output delay  
An output delay is missing on VGA_Vsync relative to clock(s) sys_clk_pin
Related violations: <none>

TIMING-18#52 Warning
Missing input or output delay  
An output delay is missing on an[0] relative to clock(s) sys_clk_pin
Related violations: <none>

TIMING-18#53 Warning
Missing input or output delay  
An output delay is missing on an[1] relative to clock(s) sys_clk_pin
Related violations: <none>

TIMING-18#54 Warning
Missing input or output delay  
An output delay is missing on an[2] relative to clock(s) sys_clk_pin
Related violations: <none>

TIMING-18#55 Warning
Missing input or output delay  
An output delay is missing on an[3] relative to clock(s) sys_clk_pin
Related violations: <none>

TIMING-18#56 Warning
Missing input or output delay  
An output delay is missing on led[0] relative to clock(s) sys_clk_pin
Related violations: <none>

TIMING-18#57 Warning
Missing input or output delay  
An output delay is missing on led[10] relative to clock(s) sys_clk_pin
Related violations: <none>

TIMING-18#58 Warning
Missing input or output delay  
An output delay is missing on led[11] relative to clock(s) sys_clk_pin
Related violations: <none>

TIMING-18#59 Warning
Missing input or output delay  
An output delay is missing on led[12] relative to clock(s) sys_clk_pin
Related violations: <none>

TIMING-18#60 Warning
Missing input or output delay  
An output delay is missing on led[13] relative to clock(s) sys_clk_pin
Related violations: <none>

TIMING-18#61 Warning
Missing input or output delay  
An output delay is missing on led[1] relative to clock(s) sys_clk_pin
Related violations: <none>

TIMING-18#62 Warning
Missing input or output delay  
An output delay is missing on led[2] relative to clock(s) sys_clk_pin
Related violations: <none>

TIMING-18#63 Warning
Missing input or output delay  
An output delay is missing on led[3] relative to clock(s) sys_clk_pin
Related violations: <none>

TIMING-18#64 Warning
Missing input or output delay  
An output delay is missing on led[4] relative to clock(s) sys_clk_pin
Related violations: <none>

TIMING-18#65 Warning
Missing input or output delay  
An output delay is missing on led[5] relative to clock(s) sys_clk_pin
Related violations: <none>

TIMING-18#66 Warning
Missing input or output delay  
An output delay is missing on led[6] relative to clock(s) sys_clk_pin
Related violations: <none>

TIMING-18#67 Warning
Missing input or output delay  
An output delay is missing on led[7] relative to clock(s) sys_clk_pin
Related violations: <none>

TIMING-18#68 Warning
Missing input or output delay  
An output delay is missing on led[8] relative to clock(s) sys_clk_pin
Related violations: <none>

TIMING-18#69 Warning
Missing input or output delay  
An output delay is missing on led[9] relative to clock(s) sys_clk_pin
Related violations: <none>

TIMING-18#70 Warning
Missing input or output delay  
An output delay is missing on seg[0] relative to clock(s) sys_clk_pin
Related violations: <none>

TIMING-18#71 Warning
Missing input or output delay  
An output delay is missing on seg[1] relative to clock(s) sys_clk_pin
Related violations: <none>

TIMING-18#72 Warning
Missing input or output delay  
An output delay is missing on seg[2] relative to clock(s) sys_clk_pin
Related violations: <none>

TIMING-18#73 Warning
Missing input or output delay  
An output delay is missing on seg[3] relative to clock(s) sys_clk_pin
Related violations: <none>

TIMING-18#74 Warning
Missing input or output delay  
An output delay is missing on seg[4] relative to clock(s) sys_clk_pin
Related violations: <none>

TIMING-18#75 Warning
Missing input or output delay  
An output delay is missing on seg[5] relative to clock(s) sys_clk_pin
Related violations: <none>

TIMING-18#76 Warning
Missing input or output delay  
An output delay is missing on seg[6] relative to clock(s) sys_clk_pin
Related violations: <none>

TIMING-18#77 Warning
Missing input or output delay  
An output delay is missing on seg[7] relative to clock(s) sys_clk_pin
Related violations: <none>


