#-----------------------------------------------------------
# Vivado v2018.2 (64-bit)
# SW Build 2258646 on Thu Jun 14 20:03:12 MDT 2018
# IP Build 2256618 on Thu Jun 14 22:10:49 MDT 2018
# Start of session at: Sun Nov  9 04:52:12 2025
# Process ID: 67932
# Current directory: C:/Users/rkoh2/AppData/Roaming/Xilinx/Vivado
# Command line: vivado.exe -gui_launcher_event rodinguilauncherevent19788
# Log file: C:/Users/rkoh2/AppData/Roaming/Xilinx/Vivado/vivado.log
# Journal file: C:/Users/rkoh2/AppData/Roaming/Xilinx/Vivado\vivado.jou
#-----------------------------------------------------------
start_gui
open_project {C:/Users/rkoh2/OneDrive/Desktop/Personal/EE2026_Final/S3_09_RYAN KOH_SEAN LEE_YAO XIANG_YI YANG_Archive.xpr/forryannyy/forryannyy.xpr}
INFO: [ProjectBase 1-489] The host OS only allows 260 characters in a normal path. The project is stored in a path with more than 80 characters. If you experience issues with IP, Block Designs, or files not being found, please consider moving the project to a location with a shorter path. Alternately consider using the OS subst command to map part of the path to a drive letter.
Current project path is 'C:/Users/rkoh2/OneDrive/Desktop/Personal/EE2026_Final/S3_09_RYAN KOH_SEAN LEE_YAO XIANG_YI YANG_Archive.xpr/forryannyy'
Scanning sources...
Finished scanning sources
INFO: [IP_Flow 19-234] Refreshing IP repositories
INFO: [IP_Flow 19-1704] No user IP repositories specified
INFO: [IP_Flow 19-2313] Loaded Vivado IP repository 'C:/Xilinx/Vivado/2018.2/data/ip'.
open_project: Time (s): cpu = 00:00:23 ; elapsed = 00:00:09 . Memory (MB): peak = 866.902 ; gain = 111.664
update_compile_order -fileset sources_1
launch_runs impl_1 -to_step write_bitstream -jobs 6
[Sun Nov  9 04:53:03 2025] Launched impl_1...
Run output will be captured here: C:/Users/rkoh2/OneDrive/Desktop/Personal/EE2026_Final/S3_09_RYAN KOH_SEAN LEE_YAO XIANG_YI YANG_Archive.xpr/forryannyy/forryannyy.runs/impl_1/runme.log
open_hw
connect_hw_server
INFO: [Labtools 27-2285] Connecting to hw_server url TCP:localhost:3121
INFO: [Labtools 27-2222] Launching hw_server...
INFO: [Labtools 27-2221] Launch Output:

****** Xilinx hw_server v2018.2
  **** Build date : Jun 14 2018-20:42:52
    ** Copyright 1986-2018 Xilinx, Inc. All Rights Reserved.


open_hw_target
INFO: [Labtoolstcl 44-466] Opening hw_target localhost:3121/xilinx_tcf/Digilent/210183BD448CA
set_property PROGRAM.FILE {C:/Users/rkoh2/OneDrive/Desktop/Personal/EE2026_Final/S3_09_RYAN KOH_SEAN LEE_YAO XIANG_YI YANG_Archive.xpr/forryannyy/forryannyy.runs/impl_1/Top_Student.bit} [get_hw_devices xc7a35t_0]
current_hw_device [get_hw_devices xc7a35t_0]
refresh_hw_device -update_hw_probes false [lindex [get_hw_devices xc7a35t_0] 0]
INFO: [Labtools 27-1434] Device xc7a35t (JTAG device index = 0) is programmed with a design that has no supported debug core(s) in it.
WARNING: [Labtools 27-3361] The debug hub core was not detected.
Resolution: 
1. Make sure the clock connected to the debug hub (dbg_hub) core is a free running clock and is active.
2. Make sure the BSCAN_SWITCH_USER_MASK device property in Vivado Hardware Manager reflects the user scan chain setting in the design and refresh the device.  To determine the user scan chain setting in the design, open the implemented design and use 'get_property C_USER_SCAN_CHAIN [get_debug_cores dbg_hub]'.
For more details on setting the scan chain property, consult the Vivado Debug and Programming User Guide (UG908).
set_property PROBES.FILE {} [get_hw_devices xc7a35t_0]
set_property FULL_PROBES.FILE {} [get_hw_devices xc7a35t_0]
set_property PROGRAM.FILE {C:/Users/rkoh2/OneDrive/Desktop/Personal/EE2026_Final/S3_09_RYAN KOH_SEAN LEE_YAO XIANG_YI YANG_Archive.xpr/forryannyy/forryannyy.runs/impl_1/Top_Student.bit} [get_hw_devices xc7a35t_0]
program_hw_devices [get_hw_devices xc7a35t_0]
INFO: [Labtools 27-3164] End of startup status: HIGH
refresh_hw_device [lindex [get_hw_devices xc7a35t_0] 0]
INFO: [Labtools 27-1434] Device xc7a35t (JTAG device index = 0) is programmed with a design that has no supported debug core(s) in it.
WARNING: [Labtools 27-3361] The debug hub core was not detected.
Resolution: 
1. Make sure the clock connected to the debug hub (dbg_hub) core is a free running clock and is active.
2. Make sure the BSCAN_SWITCH_USER_MASK device property in Vivado Hardware Manager reflects the user scan chain setting in the design and refresh the device.  To determine the user scan chain setting in the design, open the implemented design and use 'get_property C_USER_SCAN_CHAIN [get_debug_cores dbg_hub]'.
For more details on setting the scan chain property, consult the Vivado Debug and Programming User Guide (UG908).
reset_run synth_1
WARNING: [Vivado 12-1017] Problems encountered:
1. Failed to delete one or more files in run directory C:/Users/rkoh2/OneDrive/Desktop/Personal/EE2026_Final/S3_09_RYAN KOH_SEAN LEE_YAO XIANG_YI YANG_Archive.xpr/forryannyy/forryannyy.runs/synth_1

launch_runs impl_1 -jobs 6
[Sun Nov  9 04:55:56 2025] Launched synth_1...
Run output will be captured here: C:/Users/rkoh2/OneDrive/Desktop/Personal/EE2026_Final/S3_09_RYAN KOH_SEAN LEE_YAO XIANG_YI YANG_Archive.xpr/forryannyy/forryannyy.runs/synth_1/runme.log
[Sun Nov  9 04:55:57 2025] Launched impl_1...
Run output will be captured here: C:/Users/rkoh2/OneDrive/Desktop/Personal/EE2026_Final/S3_09_RYAN KOH_SEAN LEE_YAO XIANG_YI YANG_Archive.xpr/forryannyy/forryannyy.runs/impl_1/runme.log
reset_run impl_1
reset_run synth_1
WARNING: [Vivado 12-1017] Problems encountered:
1. Failed to delete one or more files in run directory C:/Users/rkoh2/OneDrive/Desktop/Personal/EE2026_Final/S3_09_RYAN KOH_SEAN LEE_YAO XIANG_YI YANG_Archive.xpr/forryannyy/forryannyy.runs/synth_1

launch_runs synth_1 -jobs 6
[Sun Nov  9 05:00:20 2025] Launched synth_1...
Run output will be captured here: C:/Users/rkoh2/OneDrive/Desktop/Personal/EE2026_Final/S3_09_RYAN KOH_SEAN LEE_YAO XIANG_YI YANG_Archive.xpr/forryannyy/forryannyy.runs/synth_1/runme.log
reset_run synth_1
WARNING: [Vivado 12-1017] Problems encountered:
1. Failed to delete one or more files in run directory C:/Users/rkoh2/OneDrive/Desktop/Personal/EE2026_Final/S3_09_RYAN KOH_SEAN LEE_YAO XIANG_YI YANG_Archive.xpr/forryannyy/forryannyy.runs/synth_1

launch_runs synth_1 -jobs 6
[Sun Nov  9 05:04:43 2025] Launched synth_1...
Run output will be captured here: C:/Users/rkoh2/OneDrive/Desktop/Personal/EE2026_Final/S3_09_RYAN KOH_SEAN LEE_YAO XIANG_YI YANG_Archive.xpr/forryannyy/forryannyy.runs/synth_1/runme.log
reset_run synth_1
WARNING: [Vivado 12-1017] Problems encountered:
1. Failed to delete one or more files in run directory C:/Users/rkoh2/OneDrive/Desktop/Personal/EE2026_Final/S3_09_RYAN KOH_SEAN LEE_YAO XIANG_YI YANG_Archive.xpr/forryannyy/forryannyy.runs/synth_1

launch_runs synth_1 -jobs 6
[Sun Nov  9 05:08:45 2025] Launched synth_1...
Run output will be captured here: C:/Users/rkoh2/OneDrive/Desktop/Personal/EE2026_Final/S3_09_RYAN KOH_SEAN LEE_YAO XIANG_YI YANG_Archive.xpr/forryannyy/forryannyy.runs/synth_1/runme.log
reset_run synth_1
WARNING: [Vivado 12-1017] Problems encountered:
1. Failed to delete one or more files in run directory C:/Users/rkoh2/OneDrive/Desktop/Personal/EE2026_Final/S3_09_RYAN KOH_SEAN LEE_YAO XIANG_YI YANG_Archive.xpr/forryannyy/forryannyy.runs/synth_1

launch_runs synth_1 -jobs 6
[Sun Nov  9 05:09:21 2025] Launched synth_1...
Run output will be captured here: C:/Users/rkoh2/OneDrive/Desktop/Personal/EE2026_Final/S3_09_RYAN KOH_SEAN LEE_YAO XIANG_YI YANG_Archive.xpr/forryannyy/forryannyy.runs/synth_1/runme.log
reset_run synth_1
WARNING: [Vivado 12-1017] Problems encountered:
1. Failed to delete one or more files in run directory C:/Users/rkoh2/OneDrive/Desktop/Personal/EE2026_Final/S3_09_RYAN KOH_SEAN LEE_YAO XIANG_YI YANG_Archive.xpr/forryannyy/forryannyy.runs/synth_1

launch_runs synth_1 -jobs 6
[Sun Nov  9 05:27:36 2025] Launched synth_1...
Run output will be captured here: C:/Users/rkoh2/OneDrive/Desktop/Personal/EE2026_Final/S3_09_RYAN KOH_SEAN LEE_YAO XIANG_YI YANG_Archive.xpr/forryannyy/forryannyy.runs/synth_1/runme.log
launch_runs impl_1 -jobs 6
[Sun Nov  9 05:31:20 2025] Launched impl_1...
Run output will be captured here: C:/Users/rkoh2/OneDrive/Desktop/Personal/EE2026_Final/S3_09_RYAN KOH_SEAN LEE_YAO XIANG_YI YANG_Archive.xpr/forryannyy/forryannyy.runs/impl_1/runme.log
launch_runs impl_1 -to_step write_bitstream -jobs 6
[Sun Nov  9 05:34:33 2025] Launched impl_1...
Run output will be captured here: C:/Users/rkoh2/OneDrive/Desktop/Personal/EE2026_Final/S3_09_RYAN KOH_SEAN LEE_YAO XIANG_YI YANG_Archive.xpr/forryannyy/forryannyy.runs/impl_1/runme.log
set_property PROBES.FILE {} [get_hw_devices xc7a35t_0]
set_property FULL_PROBES.FILE {} [get_hw_devices xc7a35t_0]
set_property PROGRAM.FILE {C:/Users/rkoh2/OneDrive/Desktop/Personal/EE2026_Final/S3_09_RYAN KOH_SEAN LEE_YAO XIANG_YI YANG_Archive.xpr/forryannyy/forryannyy.runs/impl_1/Top_Student.bit} [get_hw_devices xc7a35t_0]
program_hw_devices [get_hw_devices xc7a35t_0]
INFO: [Labtools 27-3164] End of startup status: HIGH
refresh_hw_device [lindex [get_hw_devices xc7a35t_0] 0]
INFO: [Labtools 27-1434] Device xc7a35t (JTAG device index = 0) is programmed with a design that has no supported debug core(s) in it.
WARNING: [Labtools 27-3361] The debug hub core was not detected.
Resolution: 
1. Make sure the clock connected to the debug hub (dbg_hub) core is a free running clock and is active.
2. Make sure the BSCAN_SWITCH_USER_MASK device property in Vivado Hardware Manager reflects the user scan chain setting in the design and refresh the device.  To determine the user scan chain setting in the design, open the implemented design and use 'get_property C_USER_SCAN_CHAIN [get_debug_cores dbg_hub]'.
For more details on setting the scan chain property, consult the Vivado Debug and Programming User Guide (UG908).
update_compile_order -fileset sources_1
reset_run synth_1
WARNING: [Vivado 12-1017] Problems encountered:
1. Failed to delete one or more files in run directory C:/Users/rkoh2/OneDrive/Desktop/Personal/EE2026_Final/S3_09_RYAN KOH_SEAN LEE_YAO XIANG_YI YANG_Archive.xpr/forryannyy/forryannyy.runs/synth_1

launch_runs synth_1 -jobs 6
[Sun Nov  9 05:40:48 2025] Launched synth_1...
Run output will be captured here: C:/Users/rkoh2/OneDrive/Desktop/Personal/EE2026_Final/S3_09_RYAN KOH_SEAN LEE_YAO XIANG_YI YANG_Archive.xpr/forryannyy/forryannyy.runs/synth_1/runme.log
reset_run synth_1
WARNING: [Vivado 12-1017] Problems encountered:
1. Failed to delete one or more files in run directory C:/Users/rkoh2/OneDrive/Desktop/Personal/EE2026_Final/S3_09_RYAN KOH_SEAN LEE_YAO XIANG_YI YANG_Archive.xpr/forryannyy/forryannyy.runs/synth_1

launch_runs impl_1 -to_step write_bitstream -jobs 6
[Sun Nov  9 05:45:32 2025] Launched synth_1...
Run output will be captured here: C:/Users/rkoh2/OneDrive/Desktop/Personal/EE2026_Final/S3_09_RYAN KOH_SEAN LEE_YAO XIANG_YI YANG_Archive.xpr/forryannyy/forryannyy.runs/synth_1/runme.log
[Sun Nov  9 05:45:32 2025] Launched impl_1...
Run output will be captured here: C:/Users/rkoh2/OneDrive/Desktop/Personal/EE2026_Final/S3_09_RYAN KOH_SEAN LEE_YAO XIANG_YI YANG_Archive.xpr/forryannyy/forryannyy.runs/impl_1/runme.log
open_project {C:/Users/rkoh2/OneDrive/Desktop/Personal/EE2026_Final_Final/S3_09_RYAN KOH_SEAN LEE_YAO XIANG_YI YANG_Archive.xpr/forryannyy/forryannyy.xpr}
INFO: [ProjectBase 1-489] The host OS only allows 260 characters in a normal path. The project is stored in a path with more than 80 characters. If you experience issues with IP, Block Designs, or files not being found, please consider moving the project to a location with a shorter path. Alternately consider using the OS subst command to map part of the path to a drive letter.
Current project path is 'C:/Users/rkoh2/OneDrive/Desktop/Personal/EE2026_Final_Final/S3_09_RYAN KOH_SEAN LEE_YAO XIANG_YI YANG_Archive.xpr/forryannyy'
INFO: [Project 1-313] Project file moved from 'C:/Users/rkoh2/AppData/Roaming/Xilinx/Vivado/.Xil/Vivado-54104-LAPTOP-TABE59UT/PrjAr/_X_' since last save.
Scanning sources...
Finished scanning sources
INFO: [IP_Flow 19-234] Refreshing IP repositories
INFO: [IP_Flow 19-1704] No user IP repositories specified
INFO: [IP_Flow 19-2313] Loaded Vivado IP repository 'C:/Xilinx/Vivado/2018.2/data/ip'.
open_project: Time (s): cpu = 00:00:09 ; elapsed = 00:00:07 . Memory (MB): peak = 1657.348 ; gain = 44.457
update_compile_order -fileset sources_1
current_project forryannyy
close_hw
open_hw
connect_hw_server
INFO: [Labtools 27-2285] Connecting to hw_server url TCP:localhost:3121
open_hw_target
INFO: [Labtoolstcl 44-466] Opening hw_target localhost:3121/xilinx_tcf/Digilent/210183BD448CA
set_property PROGRAM.FILE {C:/Users/rkoh2/OneDrive/Desktop/Personal/EE2026_Final_Final/S3_09_RYAN KOH_SEAN LEE_YAO XIANG_YI YANG_Archive.xpr/forryannyy/forryannyy.runs/impl_1/Top_Student.bit} [get_hw_devices xc7a35t_0]
current_hw_device [get_hw_devices xc7a35t_0]
refresh_hw_device -update_hw_probes false [lindex [get_hw_devices xc7a35t_0] 0]
INFO: [Labtools 27-1434] Device xc7a35t (JTAG device index = 0) is programmed with a design that has no supported debug core(s) in it.
WARNING: [Labtools 27-3361] The debug hub core was not detected.
Resolution: 
1. Make sure the clock connected to the debug hub (dbg_hub) core is a free running clock and is active.
2. Make sure the BSCAN_SWITCH_USER_MASK device property in Vivado Hardware Manager reflects the user scan chain setting in the design and refresh the device.  To determine the user scan chain setting in the design, open the implemented design and use 'get_property C_USER_SCAN_CHAIN [get_debug_cores dbg_hub]'.
For more details on setting the scan chain property, consult the Vivado Debug and Programming User Guide (UG908).
current_project forryannyy(2)
set_property PROBES.FILE {} [get_hw_devices xc7a35t_0]
set_property FULL_PROBES.FILE {} [get_hw_devices xc7a35t_0]
set_property PROGRAM.FILE {C:/Users/rkoh2/OneDrive/Desktop/Personal/EE2026_Final_Final/S3_09_RYAN KOH_SEAN LEE_YAO XIANG_YI YANG_Archive.xpr/forryannyy/forryannyy.runs/impl_1/Top_Student.bit} [get_hw_devices xc7a35t_0]
program_hw_devices [get_hw_devices xc7a35t_0]
INFO: [Labtools 27-3164] End of startup status: HIGH
refresh_hw_device [lindex [get_hw_devices xc7a35t_0] 0]
INFO: [Labtools 27-1434] Device xc7a35t (JTAG device index = 0) is programmed with a design that has no supported debug core(s) in it.
WARNING: [Labtools 27-3361] The debug hub core was not detected.
Resolution: 
1. Make sure the clock connected to the debug hub (dbg_hub) core is a free running clock and is active.
2. Make sure the BSCAN_SWITCH_USER_MASK device property in Vivado Hardware Manager reflects the user scan chain setting in the design and refresh the device.  To determine the user scan chain setting in the design, open the implemented design and use 'get_property C_USER_SCAN_CHAIN [get_debug_cores dbg_hub]'.
For more details on setting the scan chain property, consult the Vivado Debug and Programming User Guide (UG908).
reset_run synth_1
launch_runs impl_1 -to_step write_bitstream -jobs 6
[Sun Nov  9 05:52:15 2025] Launched synth_1...
Run output will be captured here: C:/Users/rkoh2/OneDrive/Desktop/Personal/EE2026_Final_Final/S3_09_RYAN KOH_SEAN LEE_YAO XIANG_YI YANG_Archive.xpr/forryannyy/forryannyy.runs/synth_1/runme.log
[Sun Nov  9 05:52:15 2025] Launched impl_1...
Run output will be captured here: C:/Users/rkoh2/OneDrive/Desktop/Personal/EE2026_Final_Final/S3_09_RYAN KOH_SEAN LEE_YAO XIANG_YI YANG_Archive.xpr/forryannyy/forryannyy.runs/impl_1/runme.log
current_project forryannyy
reset_run impl_1
close_project
archive_project {C:/Users/rkoh2/OneDrive/Desktop/Personal/EE2026_Final_Final/S3_09_RYAN KOH_SEAN LEE_YAO XIANG_YI YANG_Archive.xpr.zip} -temp_dir C:/Users/rkoh2/AppData/Roaming/Xilinx/Vivado/.Xil/Vivado-67932-LAPTOP-TABE59UT -force -include_local_ip_cache -include_config_settings
INFO: [Coretcl 2-137] starting archive...
INFO: [Coretcl 2-1499] Saving project copy to temporary location 'C:/Users/rkoh2/AppData/Roaming/Xilinx/Vivado/.Xil/Vivado-67932-LAPTOP-TABE59UT' for archiving project
INFO: [ProjectBase 1-489] The host OS only allows 260 characters in a normal path. The project is stored in a path with more than 80 characters. If you experience issues with IP, Block Designs, or files not being found, please consider moving the project to a location with a shorter path. Alternately consider using the OS subst command to map part of the path to a drive letter.
Current project path is 'C:/Users/rkoh2/OneDrive/Desktop/Personal/EE2026_Final_Final/S3_09_RYAN KOH_SEAN LEE_YAO XIANG_YI YANG_Archive.xpr/forryannyy'
Scanning sources...
Finished scanning sources
INFO: [IP_Flow 19-234] Refreshing IP repositories
INFO: [IP_Flow 19-1704] No user IP repositories specified
INFO: [IP_Flow 19-2313] Loaded Vivado IP repository 'C:/Xilinx/Vivado/2018.2/data/ip'.
INFO: [Coretcl 2-1211] Creating project copy for archival...
INFO: [ProjectBase 1-495] The host OS only allows 260 characters in a normal path. The project is stored in a path with more than 80 characters. If you experience any problem with archiving the project, please consider setting environment variable $TEMP to a shorter path.
Current project path is 'C:/Users/rkoh2/AppData/Roaming/Xilinx/Vivado/.Xil/Vivado-67932-LAPTOP-TABE59UT/PrjAr/_X_'.
INFO: [Coretcl 2-1213] Including run results for 'synth_1'
INFO: [Coretcl 2-1213] Including run results for 'blk_mem_gen_font_synth_1'
INFO: [Coretcl 2-1213] Including run results for 'blk_mem_gen_pow2_synth_1'
INFO: [Coretcl 2-1213] Including run results for 'blk_mem_gen_log2_12bit_synth_1'
INFO: [Coretcl 2-1213] Including run results for 'impl_1'
INFO: [Coretcl 2-133] re-setting run 'blk_mem_gen_font_impl_1'...
INFO: [Coretcl 2-133] re-setting run 'blk_mem_gen_pow2_impl_1'...
INFO: [Coretcl 2-133] re-setting run 'blk_mem_gen_log2_12bit_impl_1'...
INFO: [Coretcl 2-1212] Importing remotely added design sources and verilog include files (if any)...
INFO: [filemgmt 20-334] All file(s) are already imported in fileset: 'blk_mem_gen_font'
INFO: [filemgmt 20-348] Importing the appropriate files for fileset: 'blk_mem_gen_font'
INFO: [filemgmt 20-334] All file(s) are already imported in fileset: 'blk_mem_gen_log2_12bit'
INFO: [filemgmt 20-348] Importing the appropriate files for fileset: 'blk_mem_gen_log2_12bit'
INFO: [filemgmt 20-334] All file(s) are already imported in fileset: 'blk_mem_gen_pow2'
INFO: [filemgmt 20-348] Importing the appropriate files for fileset: 'blk_mem_gen_pow2'
INFO: [filemgmt 20-334] All file(s) are already imported in fileset: 'constrs_1'
INFO: [filemgmt 20-348] Importing the appropriate files for fileset: 'constrs_1'
INFO: [filemgmt 20-348] Importing the appropriate files for fileset: 'sources_1'
INFO: [Coretcl 2-1209] Adding archive summary file to the project...
INFO: [Coretcl 2-1214] Preparing project files for archive...
INFO: [Coretcl 2-1210] Compressing project files and data...
INFO: [Coretcl 2-1215] Project archived (C:/Users/rkoh2/OneDrive/Desktop/Personal/EE2026_Final_Final/S3_09_RYAN KOH_SEAN LEE_YAO XIANG_YI YANG_Archive.xpr.zip)
INFO: [Coretcl 2-1216] To view the archive summary log in GUI, double click on 'Design Sources->Text->archive_project_summary.txt', or open this file from the archived project directory.
archive_project: Time (s): cpu = 00:00:07 ; elapsed = 00:00:15 . Memory (MB): peak = 1786.988 ; gain = 9.023
open_project {C:/Users/rkoh2/OneDrive/Desktop/Personal/EE2026_Final_2/S3_09_RYAN KOH_SEAN LEE_YAO XIANG_YI YANG_Archive.xpr/forryannyy/forryannyy.xpr}
INFO: [ProjectBase 1-489] The host OS only allows 260 characters in a normal path. The project is stored in a path with more than 80 characters. If you experience issues with IP, Block Designs, or files not being found, please consider moving the project to a location with a shorter path. Alternately consider using the OS subst command to map part of the path to a drive letter.
Current project path is 'C:/Users/rkoh2/OneDrive/Desktop/Personal/EE2026_Final_2/S3_09_RYAN KOH_SEAN LEE_YAO XIANG_YI YANG_Archive.xpr/forryannyy'
INFO: [Project 1-313] Project file moved from 'C:/Users/rkoh2/AppData/Roaming/Xilinx/Vivado/.Xil/Vivado-67932-LAPTOP-TABE59UT/PrjAr/_X_' since last save.
Scanning sources...
Finished scanning sources
INFO: [IP_Flow 19-234] Refreshing IP repositories
INFO: [IP_Flow 19-1704] No user IP repositories specified
INFO: [IP_Flow 19-2313] Loaded Vivado IP repository 'C:/Xilinx/Vivado/2018.2/data/ip'.
current_project forryannyy(2)
close_project
update_compile_order -fileset sources_1
open_hw
connect_hw_server
INFO: [Labtools 27-2285] Connecting to hw_server url TCP:localhost:3121
INFO: [Labtools 27-2222] Launching hw_server...
INFO: [Labtools 27-2221] Launch Output:

****** Xilinx hw_server v2018.2
  **** Build date : Jun 14 2018-20:42:52
    ** Copyright 1986-2018 Xilinx, Inc. All Rights Reserved.


open_hw_target
INFO: [Labtoolstcl 44-466] Opening hw_target localhost:3121/xilinx_tcf/Digilent/210183BD448CA
set_property PROGRAM.FILE {C:/Users/rkoh2/OneDrive/Desktop/Personal/EE2026_Final_2/S3_09_RYAN KOH_SEAN LEE_YAO XIANG_YI YANG_Archive.xpr/forryannyy/forryannyy.runs/impl_1/Top_Student.bit} [get_hw_devices xc7a35t_0]
current_hw_device [get_hw_devices xc7a35t_0]
refresh_hw_device -update_hw_probes false [lindex [get_hw_devices xc7a35t_0] 0]
INFO: [Labtools 27-1434] Device xc7a35t (JTAG device index = 0) is programmed with a design that has no supported debug core(s) in it.
WARNING: [Labtools 27-3361] The debug hub core was not detected.
Resolution: 
1. Make sure the clock connected to the debug hub (dbg_hub) core is a free running clock and is active.
2. Make sure the BSCAN_SWITCH_USER_MASK device property in Vivado Hardware Manager reflects the user scan chain setting in the design and refresh the device.  To determine the user scan chain setting in the design, open the implemented design and use 'get_property C_USER_SCAN_CHAIN [get_debug_cores dbg_hub]'.
For more details on setting the scan chain property, consult the Vivado Debug and Programming User Guide (UG908).
set_property PROBES.FILE {} [get_hw_devices xc7a35t_0]
set_property FULL_PROBES.FILE {} [get_hw_devices xc7a35t_0]
set_property PROGRAM.FILE {C:/Users/rkoh2/OneDrive/Desktop/Personal/EE2026_Final_2/S3_09_RYAN KOH_SEAN LEE_YAO XIANG_YI YANG_Archive.xpr/forryannyy/forryannyy.runs/impl_1/Top_Student.bit} [get_hw_devices xc7a35t_0]
program_hw_devices [get_hw_devices xc7a35t_0]
INFO: [Labtools 27-3164] End of startup status: HIGH
refresh_hw_device [lindex [get_hw_devices xc7a35t_0] 0]
INFO: [Labtools 27-1434] Device xc7a35t (JTAG device index = 0) is programmed with a design that has no supported debug core(s) in it.
WARNING: [Labtools 27-3361] The debug hub core was not detected.
Resolution: 
1. Make sure the clock connected to the debug hub (dbg_hub) core is a free running clock and is active.
2. Make sure the BSCAN_SWITCH_USER_MASK device property in Vivado Hardware Manager reflects the user scan chain setting in the design and refresh the device.  To determine the user scan chain setting in the design, open the implemented design and use 'get_property C_USER_SCAN_CHAIN [get_debug_cores dbg_hub]'.
For more details on setting the scan chain property, consult the Vivado Debug and Programming User Guide (UG908).
export_ip_user_files -of_objects  [get_files {{C:/Users/rkoh2/OneDrive/Desktop/Personal/EE2026_Final_2/S3_09_RYAN KOH_SEAN LEE_YAO XIANG_YI YANG_Archive.xpr/forryannyy/forryannyy.srcs/sources_1/imports/Users/user/Downloads/sin_table.mem}}] -no_script -reset -force -quiet
remove_files  {{C:/Users/rkoh2/OneDrive/Desktop/Personal/EE2026_Final_2/S3_09_RYAN KOH_SEAN LEE_YAO XIANG_YI YANG_Archive.xpr/forryannyy/forryannyy.srcs/sources_1/imports/Users/user/Downloads/sin_table.mem}}
file delete -force {C:/Users/rkoh2/OneDrive/Desktop/Personal/EE2026_Final_2/S3_09_RYAN KOH_SEAN LEE_YAO XIANG_YI YANG_Archive.xpr/forryannyy/forryannyy.srcs/sources_1/imports/Users/user/Downloads/sin_table.mem}
export_ip_user_files -of_objects  [get_files {{C:/Users/rkoh2/OneDrive/Desktop/Personal/EE2026_Final_2/S3_09_RYAN KOH_SEAN LEE_YAO XIANG_YI YANG_Archive.xpr/forryannyy/forryannyy.srcs/sources_1/imports/Users/user/Downloads/tan_table.mem}}] -no_script -reset -force -quiet
remove_files  {{C:/Users/rkoh2/OneDrive/Desktop/Personal/EE2026_Final_2/S3_09_RYAN KOH_SEAN LEE_YAO XIANG_YI YANG_Archive.xpr/forryannyy/forryannyy.srcs/sources_1/imports/Users/user/Downloads/tan_table.mem}}
file delete -force {C:/Users/rkoh2/OneDrive/Desktop/Personal/EE2026_Final_2/S3_09_RYAN KOH_SEAN LEE_YAO XIANG_YI YANG_Archive.xpr/forryannyy/forryannyy.srcs/sources_1/imports/Users/user/Downloads/tan_table.mem}
add_files -norecurse {{C:/Users/rkoh2/OneDrive/Desktop/Personal/EE2026_Final_2/S3_09_RYAN KOH_SEAN LEE_YAO XIANG_YI YANG_Archive.xpr/forryannyy/forryannyy.srcs/sources_1/imports/Users/user/Downloads/sin_table_ver_two.mem} {C:/Users/rkoh2/OneDrive/Desktop/Personal/EE2026_Final_2/S3_09_RYAN KOH_SEAN LEE_YAO XIANG_YI YANG_Archive.xpr/forryannyy/forryannyy.srcs/sources_1/imports/Users/user/Downloads/tan_table_ver_two.mem}}
reset_run synth_1
WARNING: [Vivado 12-1017] Problems encountered:
1. Failed to delete one or more files in run directory C:/Users/rkoh2/OneDrive/Desktop/Personal/EE2026_Final_2/S3_09_RYAN KOH_SEAN LEE_YAO XIANG_YI YANG_Archive.xpr/forryannyy/forryannyy.runs/synth_1

launch_runs impl_1 -to_step write_bitstream -jobs 6
[Sun Nov  9 06:32:40 2025] Launched synth_1...
Run output will be captured here: C:/Users/rkoh2/OneDrive/Desktop/Personal/EE2026_Final_2/S3_09_RYAN KOH_SEAN LEE_YAO XIANG_YI YANG_Archive.xpr/forryannyy/forryannyy.runs/synth_1/runme.log
[Sun Nov  9 06:32:40 2025] Launched impl_1...
Run output will be captured here: C:/Users/rkoh2/OneDrive/Desktop/Personal/EE2026_Final_2/S3_09_RYAN KOH_SEAN LEE_YAO XIANG_YI YANG_Archive.xpr/forryannyy/forryannyy.runs/impl_1/runme.log
set_property PROBES.FILE {} [get_hw_devices xc7a35t_0]
set_property FULL_PROBES.FILE {} [get_hw_devices xc7a35t_0]
set_property PROGRAM.FILE {C:/Users/rkoh2/OneDrive/Desktop/Personal/EE2026_Final_2/S3_09_RYAN KOH_SEAN LEE_YAO XIANG_YI YANG_Archive.xpr/forryannyy/forryannyy.runs/impl_1/Top_Student.bit} [get_hw_devices xc7a35t_0]
program_hw_devices [get_hw_devices xc7a35t_0]
INFO: [Labtools 27-3164] End of startup status: HIGH
refresh_hw_device [lindex [get_hw_devices xc7a35t_0] 0]
INFO: [Labtools 27-1434] Device xc7a35t (JTAG device index = 0) is programmed with a design that has no supported debug core(s) in it.
WARNING: [Labtools 27-3361] The debug hub core was not detected.
Resolution: 
1. Make sure the clock connected to the debug hub (dbg_hub) core is a free running clock and is active.
2. Make sure the BSCAN_SWITCH_USER_MASK device property in Vivado Hardware Manager reflects the user scan chain setting in the design and refresh the device.  To determine the user scan chain setting in the design, open the implemented design and use 'get_property C_USER_SCAN_CHAIN [get_debug_cores dbg_hub]'.
For more details on setting the scan chain property, consult the Vivado Debug and Programming User Guide (UG908).
archive_project {C:/Users/rkoh2/OneDrive/Desktop/Personal/EE2026_Final_2/S3_09_RYAN KOH_SEAN LEE_YAO XIANG_YI YANG_Archive.xpr.zip} -temp_dir C:/Users/rkoh2/AppData/Roaming/Xilinx/Vivado/.Xil/Vivado-67932-LAPTOP-TABE59UT -force -include_local_ip_cache -include_config_settings
INFO: [Coretcl 2-137] starting archive...
INFO: [Coretcl 2-1499] Saving project copy to temporary location 'C:/Users/rkoh2/AppData/Roaming/Xilinx/Vivado/.Xil/Vivado-67932-LAPTOP-TABE59UT' for archiving project
INFO: [ProjectBase 1-489] The host OS only allows 260 characters in a normal path. The project is stored in a path with more than 80 characters. If you experience issues with IP, Block Designs, or files not being found, please consider moving the project to a location with a shorter path. Alternately consider using the OS subst command to map part of the path to a drive letter.
Current project path is 'C:/Users/rkoh2/OneDrive/Desktop/Personal/EE2026_Final_2/S3_09_RYAN KOH_SEAN LEE_YAO XIANG_YI YANG_Archive.xpr/forryannyy'
Scanning sources...
Finished scanning sources
INFO: [IP_Flow 19-234] Refreshing IP repositories
INFO: [IP_Flow 19-1704] No user IP repositories specified
INFO: [IP_Flow 19-2313] Loaded Vivado IP repository 'C:/Xilinx/Vivado/2018.2/data/ip'.
INFO: [Coretcl 2-1211] Creating project copy for archival...
INFO: [Common 17-41] Interrupt caught. Command should exit soon.
INFO: [ProjectBase 1-495] The host OS only allows 260 characters in a normal path. The project is stored in a path with more than 80 characters. If you experience any problem with archiving the project, please consider setting environment variable $TEMP to a shorter path.
Current project path is 'C:/Users/rkoh2/AppData/Roaming/Xilinx/Vivado/.Xil/Vivado-67932-LAPTOP-TABE59UT/PrjAr/_X_'.
ERROR: [Common 17-69] Command failed: 
INFO: [Common 17-344] 'archive_project' was cancelled
archive_project {C:/Users/rkoh2/OneDrive/Desktop/Personal/EE2026_Final_2/S3_09_RYAN KOH_SEAN LEE_YAO XIANG_YI YANG_Archive.xpr/S3_09_RYAN KOH_SEAN LEE_YAO XIANG_YI YANG_Archive.xpr.zip} -temp_dir C:/Users/rkoh2/AppData/Roaming/Xilinx/Vivado/.Xil/Vivado-67932-LAPTOP-TABE59UT -force -include_local_ip_cache -include_config_settings
INFO: [Coretcl 2-137] starting archive...
INFO: [Coretcl 2-1499] Saving project copy to temporary location 'C:/Users/rkoh2/AppData/Roaming/Xilinx/Vivado/.Xil/Vivado-67932-LAPTOP-TABE59UT' for archiving project
INFO: [ProjectBase 1-489] The host OS only allows 260 characters in a normal path. The project is stored in a path with more than 80 characters. If you experience issues with IP, Block Designs, or files not being found, please consider moving the project to a location with a shorter path. Alternately consider using the OS subst command to map part of the path to a drive letter.
Current project path is 'C:/Users/rkoh2/OneDrive/Desktop/Personal/EE2026_Final_2/S3_09_RYAN KOH_SEAN LEE_YAO XIANG_YI YANG_Archive.xpr/forryannyy'
Scanning sources...
Finished scanning sources
INFO: [IP_Flow 19-234] Refreshing IP repositories
INFO: [IP_Flow 19-1704] No user IP repositories specified
INFO: [IP_Flow 19-2313] Loaded Vivado IP repository 'C:/Xilinx/Vivado/2018.2/data/ip'.
INFO: [Coretcl 2-1211] Creating project copy for archival...
INFO: [ProjectBase 1-495] The host OS only allows 260 characters in a normal path. The project is stored in a path with more than 80 characters. If you experience any problem with archiving the project, please consider setting environment variable $TEMP to a shorter path.
Current project path is 'C:/Users/rkoh2/AppData/Roaming/Xilinx/Vivado/.Xil/Vivado-67932-LAPTOP-TABE59UT/PrjAr/_X_'.
INFO: [Coretcl 2-1213] Including run results for 'synth_1'
INFO: [Coretcl 2-1213] Including run results for 'blk_mem_gen_font_synth_1'
INFO: [Coretcl 2-1213] Including run results for 'blk_mem_gen_pow2_synth_1'
INFO: [Coretcl 2-1213] Including run results for 'blk_mem_gen_log2_12bit_synth_1'
INFO: [Coretcl 2-1213] Including run results for 'impl_1'
INFO: [Coretcl 2-133] re-setting run 'blk_mem_gen_font_impl_1'...
INFO: [Coretcl 2-133] re-setting run 'blk_mem_gen_pow2_impl_1'...
INFO: [Coretcl 2-133] re-setting run 'blk_mem_gen_log2_12bit_impl_1'...
INFO: [Coretcl 2-1212] Importing remotely added design sources and verilog include files (if any)...
INFO: [filemgmt 20-334] All file(s) are already imported in fileset: 'blk_mem_gen_font'
INFO: [filemgmt 20-348] Importing the appropriate files for fileset: 'blk_mem_gen_font'
INFO: [filemgmt 20-334] All file(s) are already imported in fileset: 'blk_mem_gen_log2_12bit'
INFO: [filemgmt 20-348] Importing the appropriate files for fileset: 'blk_mem_gen_log2_12bit'
INFO: [filemgmt 20-334] All file(s) are already imported in fileset: 'blk_mem_gen_pow2'
INFO: [filemgmt 20-348] Importing the appropriate files for fileset: 'blk_mem_gen_pow2'
INFO: [filemgmt 20-334] All file(s) are already imported in fileset: 'constrs_1'
INFO: [filemgmt 20-348] Importing the appropriate files for fileset: 'constrs_1'
INFO: [filemgmt 20-348] Importing the appropriate files for fileset: 'sources_1'
